=== BASELINE START 2026-08-21T19:23:08+08:00 HEAD=8df01898fd569cbc7d6b866d5330f19a7608a587 ===
Scope: all 18 workspace projects
Lockfile is up to date, resolution step is skipped
Already up to date

Done in 3.5s using pnpm v9.15.9
INSTALL_OK

> inspector@0.1.0 lint C:\Users\Michael Roy\Documents\Inspector
> eslint .


C:\Users\Michael Roy\Documents\Inspector\packages\adapter-web\src\dom-shims.d.ts
  3:25  warning  Unexpected any. Specify a different type  @typescript-eslint/no-explicit-any
  4:29  warning  Unexpected any. Specify a different type  @typescript-eslint/no-explicit-any
  5:23  warning  Unexpected any. Specify a different type  @typescript-eslint/no-explicit-any

C:\Users\Michael Roy\Documents\Inspector\packages\adapter-web\src\index.ts
  4:1  warning  Unused eslint-disable directive (no problems were reported from '@typescript-eslint/triple-slash-reference')

C:\Users\Michael Roy\Documents\Inspector\packages\adapter-web\src\web-adapter.ts
  266:18  warning  Unexpected any. Specify a different type  @typescript-eslint/no-explicit-any

✖ 5 problems (0 errors, 5 warnings)
  0 errors and 1 warning potentially fixable with the `--fix` option.

LINT_OK

> inspector@0.1.0 typecheck C:\Users\Michael Roy\Documents\Inspector
> tsc --noEmit -p tsconfig.json

TYPECHECK_OK

> inspector@0.1.0 test C:\Users\Michael Roy\Documents\Inspector
> vitest run --passWithNoTests

[33mThe CJS build of Vite's Node API is deprecated. See https://vite.dev/guide/troubleshooting.html#vite-cjs-node-api-deprecated for more details.[39m

 RUN  v2.1.9 C:/Users/Michael Roy/Documents/Inspector

 ✓ packages/artifact-store/src/hardening.test.ts (53 tests | 3 skipped) 347ms
 ✓ packages/protocol/src/protocol.test.ts (36 tests) 33ms
 ✓ packages/finding/src/oracle-fpfn.hardening.test.ts (23 tests) 29ms
 ✓ packages/explore/src/fingerprint-property.test.ts (7 tests) 603ms
 ✓ packages/android/src/android.hardening.test.ts (18 tests) 52ms
 ✓ packages/finding/src/finding.test.ts (17 tests) 123ms
 ✓ packages/core/src/hardening.test.ts (13 tests) 456ms
 ✓ packages/explore/src/explore.test.ts (16 tests) 19ms
 ✓ packages/adapter-sdk/src/jsonrpc.hardening.test.ts (20 tests) 186ms
 ✓ packages/repair/src/path-policy-property.test.ts (5 tests) 36ms
 ✓ packages/explore/src/explore.hardening.test.ts (36 tests) 980ms
   ✓ D10 torture fixtures > delayed/transient UI completes within the wall budget 749ms
 ✓ packages/cli-adapter/src/cli.hardening.test.ts (10 tests) 28ms
 ✓ packages/finding/src/minimize-property.test.ts (3 tests) 130ms
 ✓ packages/adapter-sdk/src/transport.hardening.test.ts (25 tests) 1533ms
   ✓ client: listener hygiene (defect 4) > keeps proc close-listener count stable across 50 requests 374ms
 ✓ packages/oracle/src/oracle.test.ts (12 tests) 15ms
stderr | packages/scale/src/scale.hardening.test.ts > D5: per-item failure containment and cleanup > an adapter throw is contained: durable failure record, lease released, run continues
[scale] item item-1 failed: adapter exploded

stderr | packages/scale/src/scale.hardening.test.ts > D5: per-item failure containment and cleanup > work done before a crash stays durable: findings persist even when the item fails
[scale] item item-1 failed: crash after ingest
[scale] item item-2 failed: crash after ingest
[scale] item item-3 failed: crash after ingest
[scale] item item-4 failed: crash after ingest

 ✓ packages/scale/src/scale.hardening.test.ts (18 tests) 1558ms
   ✓ D1: cross-instance state must be serialized through a durable lock > a second campaign instance over one stateDir never re-executes completed items 333ms
 ✓ packages/finding/src/statemachine-matrix.test.ts (8 tests) 224ms
 ✓ packages/windows-adapter/src/windows.hardening.test.ts (9 tests) 28ms
 ✓ packages/adapter-sdk/src/redaction.test.ts (12 tests) 16ms
 ✓ packages/scale/src/scale.test.ts (6 tests) 58ms
 ✓ packages/artifact-store/src/artifact-store.test.ts (5 tests) 58ms
 ✓ packages/core/src/policy.test.ts (5 tests) 7ms
 ✓ packages/adapter-web/src/web.create-failure.test.ts (2 tests) 27ms
 ✓ packages/adapter-web/src/web.hardening.test.ts (5 tests) 65ms
 ✓ packages/electron-adapter/src/electron.hardening.test.ts (5 tests) 812ms
   ✓ electron hardening: attribution threading (D8) > threads real run/environment ids from lifecycle options into the underlying handler 796ms
 ✓ packages/adapter-sdk/src/channel-fuzz.test.ts (6 tests) 3849ms
   ✓ P2: random garbage resistance > raw binary garbage never throws and ends with the channel closed or typed errors 1668ms
   ✓ P3: overflow boundary property > overflow fires exactly when a partial line exceeds maxLineBytes; framing recovers 2000ms
 ✓ packages/repair/src/worktree.hardening.test.ts (8 tests) 4214ms
   ✓ RepairWorkspace hardening > D1: writeFile rejects traversal outside the worktree and nothing lands outside 950ms
   ✓ RepairWorkspace hardening > D1: readFile rejects traversal outside the worktree 680ms
   ✓ RepairWorkspace hardening > D1: rejects absolute, drive-letter, UNC and .git targets; main repo untouched 951ms
   ✓ RepairWorkspace hardening > D1: legitimate relative paths still round-trip (no overblocking) 501ms
   ✓ RepairWorkspace hardening > D5: dispose removes the whole temp base dir (no orphaned directories) 396ms
   ✓ RepairWorkspace hardening > reports the detached HEAD commit of the worktree 469ms
 ✓ packages/artifact-store/src/property.hardening.test.ts (7 tests) 6767ms
   ✓ artifact-store round-trip property (seeded) > write→read round-trips 250 random buffers; meta matches disk truth 3624ms
   ✓ artifact-store round-trip property (seeded) > dedup identity: same content+runId+name maps to one file, never a second copy 1790ms
   ✓ artifact-store round-trip property (seeded) > distinct content never collides onto the same sha or path 349ms
   ✓ artifact-store corruption detection property > verify/read detect ANY single-byte flip in stored content 514ms
   ✓ artifact-store traversal-rejection property > legal generated names/runIds are NEVER rejected (no overblocking) 473ms

 Test Files  28 passed (28)
      Tests  387 passed | 3 skipped (390)
   Start at  19:23:50
   Duration  7.86s (transform 3.03s, setup 0ms, collect 13.64s, tests 22.26s, environment 11ms, prepare 8.38s)

UNIT_OK

> inspector@0.1.0 test:integration C:\Users\Michael Roy\Documents\Inspector
> vitest run --passWithNoTests --config vitest.integration.config.ts

[33mThe CJS build of Vite's Node API is deprecated. See https://vite.dev/guide/troubleshooting.html#vite-cjs-node-api-deprecated for more details.[39m

 RUN  v2.1.9 C:/Users/Michael Roy/Documents/Inspector

 ✓ packages/store-sqlite/src/store.integration.test.ts (12 tests) 369ms
 ✓ packages/scale/src/campaign.integration.test.ts (4 tests) 984ms
   ✓ M8-proving multi-worker campaign (S0/S5/S8) > runs a bounded campaign across two isolated workers with clean shutdown 316ms
   ✓ M8-proving multi-worker campaign (S0/S5/S8) > survives controller restart without duplicating completed work 375ms
stdout | packages/store-sqlite/src/soak.integration.test.ts > SOAK-J: sqlite durable-store long-run churn > SOAK-J7: thousands of commits survive repeated reopen cycles with exact row accounting
[soak-j] J7 db: cycles=40 reopenCycles=40 steps=3200 dbBytes=2899968 (2832KiB, 906 bytes/step), wallMs=6035
[soak-j] J7 resources: rss 72.5MB -> 85.5MB (growth 13.0MB), active resources 3 -> 4

 ✓ packages/store-sqlite/src/soak.integration.test.ts (1 test) 6135ms
   ✓ SOAK-J: sqlite durable-store long-run churn > SOAK-J7: thousands of commits survive repeated reopen cycles with exact row accounting 6082ms
 ✓ packages/core/src/run-manager.integration.test.ts (5 tests) 13689ms
   ✓ core run manager (acceptance 1-5,7,8) > 1: happy-path run persists exact ordered events 2078ms
   ✓ core run manager (acceptance 1-5,7,8) > 5: budget exhaustion is deterministic 2155ms
   ✓ core run manager (acceptance 1-5,7,8) > 3+7: unknown-outcome action is not blindly duplicated on restart; crash classified separately 7228ms
   ✓ core run manager (acceptance 1-5,7,8) > 8: artifact hash/metadata round-trips 2205ms
 ✓ packages/android/src/android.conformance.integration.test.ts (8 tests) 17268ms
   ✓ android adapter conformance (M5) > 1: passes initialize/version/capability negotiation 2110ms
   ✓ android adapter conformance (M5) > 2/3: lifecycle create + observe returns semantic UI tree 1773ms
   ✓ android adapter conformance (M5) > 4: semantic traversal reaches the dashboard 2272ms
   ✓ android adapter conformance (M5) > 5: application crash is a target-failure, not an adapter crash 3734ms
   ✓ android adapter conformance (M5) > 6: automation miss is ACTION_FAILED, not a defect 3573ms
   ✓ android adapter conformance (M5) > 7: reset returns to identical seeded state 3790ms
 ✓ packages/repair/src/repair.hardening.integration.test.ts (12 tests) 22768ms
   ✓ repair hardening > D1: hostile patch agent cannot escape the worktree through the engine 2038ms
   ✓ repair hardening > D3: mid-pipeline throw restores CONFIRMED and persists an audit record 1864ms
   ✓ repair hardening > D3: replay crash after patch is contained per attempt, not stranded in PATCHING 1431ms
   ✓ repair hardening > D3: pipeline-level failure persists an ERROR record and keeps the finding recoverable 2087ms
   ✓ repair hardening > D4: accepted patch and regression evidence survive dispose; worktree identity recorded 1826ms
   ✓ repair hardening > D6a: rejects patches that tamper with test files unless allow-listed 1756ms
   ✓ repair hardening > D6a: allow-listed test paths are still patchable 1743ms
   ✓ repair hardening > D6b: probe failing on the unpatched revision yields PROBE_INVALID, not blamed patches 1366ms
   ✓ repair hardening > D6c: agent returning no patch within budget yields NO_PATCH 4167ms
   ✓ repair hardening > D6c: empty-file patch counts as NO_PATCH too 2004ms
   ✓ repair hardening > D6d: regression scenario derives its expected oracle from the repair hints 1293ms
   ✓ repair hardening > D4: applyAcceptedPatch materializes the accepted patch into a target checkout on explicit request 1190ms
 ✓ packages/adapter-fake/src/conformance.integration.test.ts (8 tests) 21218ms
   ✓ fake adapter conformance > negotiates capabilities at protocol version 0.1 1799ms
   ✓ fake adapter conformance > transitions state through semantic actions and observes 3568ms
   ✓ fake adapter conformance > signals the deterministic failure oracle as target-failure 3186ms
   ✓ fake adapter conformance > resets the environment to the initial state 2803ms
   ✓ fake adapter conformance > creates an artifact stub with a valid sha256 2622ms
   ✓ fake adapter conformance > classifies an injected adapter crash separately from target failure 2548ms
   ✓ fake adapter conformance > classifies an injected timeout as deadline-exceeded 2509ms
   ✓ fake adapter conformance > responds to health/heartbeat 2182ms
 ✓ packages/cli-adapter/src/cli.conformance.integration.test.ts (2 tests) 10622ms
   ✓ cli adapter conformance (M6 C1) > passes the common conformance contract 8315ms
   ✓ cli adapter conformance (M6 C1) > counter overflow defect aborts the process at the boundary 2305ms
stdout | packages/scale/src/fleet.integration.test.ts > FLEET: concurrent multi-target unattended campaign > runs web/electron/cli/android/windows lanes concurrently under restarts, kills, fencing, fallback and budget chaos with zero duplicate effects
[fleet] life 1 ended (stopped); queue=3
[fleet] audit(after-life-1): fleet/leases/ledger/telemetry parse clean
[fleet] life 2 ended (stopped); queue=3
[fleet] audit(after-life-2): fleet/leases/ledger/telemetry parse clean
[fleet] life 3 ended (stopped); queue=3
[fleet] audit(after-life-3): fleet/leases/ledger/telemetry parse clean

 ✓ packages/windows-adapter/src/windows.conformance.integration.test.ts (2 tests) 6233ms
   ✓ windows adapter conformance (M6 C3) > passes the common conformance contract 4893ms
   ✓ windows adapter conformance (M6 C3) > counter overflow defect surfaces through the UIA boundary 1337ms
 ✓ packages/cli/src/cli.integration.test.ts (3 tests) 12206ms
   ✓ cli > doctor passes on a clean checkout 1809ms
   ✓ cli > runs a non-interactive fake demonstration and records the run 6926ms
   ✓ cli > creates a durable workspace directory 3468ms
stdout | packages/scale/src/fleet.integration.test.ts > FLEET: concurrent multi-target unattended campaign > runs web/electron/cli/android/windows lanes concurrently under restarts, kills, fencing, fallback and budget chaos with zero duplicate effects
[fleet] web item web-1 done: stopped=action-budget actions=45 findings=1

stdout | packages/scale/src/fleet.integration.test.ts > FLEET: concurrent multi-target unattended campaign > runs web/electron/cli/android/windows lanes concurrently under restarts, kills, fencing, fallback and budget chaos with zero duplicate effects
[fleet] web item web-3 done: stopped=action-budget actions=45 findings=1

 ✓ packages/adapter-web/src/web.window-classification.integration.test.ts (2 tests) 14408ms
   ✓ web hardening: pageerror action-window attribution > K1: pageerror arriving DURING a failing action classifies TARGET_FAILURE 8285ms
   ✓ web hardening: pageerror action-window attribution > K2: a pageerror from BEFORE the action window stays ACTION_FAILED 6121ms
stdout | packages/scale/src/soak.integration.test.ts > SOAK-J: unattended-campaign long-run churn > SOAK-J1: 160 items / 4 workers survive 20+ restart injections with exactly-once work
[soak-j] J1 campaign churn: rss 82.2MB -> 97.4MB (growth 15.1MB), active resources 5 -> 6
[soak-j] J1 mid-run sample at cycle 21: rss 88.7MB, resources 6
[soak-j] J1 shape: 160 items x 2 steps, workerCount=4, cycles=38, restarts=37, realBodyRuns=186, staleInjections=26, workerFailures=19, charges=372, wallMs=23035

stderr | packages/scale/src/soak.integration.test.ts > SOAK-J: unattended-campaign long-run churn > SOAK-J1: 160 items / 4 workers survive 20+ restart injections with exactly-once work
[scale] item item-106 failed: injected worker crash for item-106
[scale] stale completion ignored: item=item-111 worker=worker-0
[scale] stale completion ignored: item=item-136 worker=worker-0
[scale] item item-146 failed: injected worker crash for item-146
[scale] stale completion ignored: item=item-146 worker=worker-1
[scale] item item-41 failed: injected worker crash for item-41
[scale] stale completion ignored: item=item-46 worker=worker-3
[scale] stale completion ignored: item=item-66 worker=worker-0
[scale] item item-76 failed: injected worker crash for item-76
[scale] stale completion ignored: item=item-76 worker=worker-0
[scale] item item-12 failed: injected worker crash for item-12
[scale] stale completion ignored: item=item-147 worker=worker-3
[scale] item item-17 failed: injected worker crash for item-17
[scale] stale completion ignored: item=item-27 worker=worker-1
[scale] stale completion ignored: item=item-52 worker=worker-1
[scale] item item-57 failed: injected worker crash for item-57
[scale] stale completion ignored: item=item-72 worker=worker-2
[scale] item item-92 failed: injected worker crash for item-92
[scale] stale completion ignored: item=item-103 worker=worker-0
[scale] stale completion ignored: item=item-128 worker=worker-0
[scale] item item-133 failed: injected worker crash for item-133
[scale] stale completion ignored: item=item-133 worker=worker-1
[scale] item item-28 failed: injected worker crash for item-28
[scale] stale completion ignored: item=item-3 worker=worker-3
[scale] stale completion ignored: item=item-53 worker=worker-0
[scale] item item-63 failed: injected worker crash for item-63
[scale] stale completion ignored: item=item-63 worker=worker-0
[scale] item item-104 failed: injected worker crash for item-104
[scale] stale completion ignored: item=item-134 worker=worker-3
[scale] item item-144 failed: injected worker crash for item-144
[scale] stale completion ignored: item=item-159 worker=worker-1
[scale] stale completion ignored: item=item-39 worker=worker-1
[scale] item item-4 failed: injected worker crash for item-4
[scale] stale completion ignored: item=item-59 worker=worker-2
[scale] item item-79 failed: injected worker crash for item-79
[scale] stale completion ignored: item=item-89 worker=worker-0
[scale] stale completion ignored: item=item-100 worker=worker-0
[scale] item item-110 failed: injected worker crash for item-110
[scale] stale completion ignored: item=item-110 worker=worker-1
[scale] item item-15 failed: injected worker crash for item-15
[scale] stale completion ignored: item=item-150 worker=worker-3
[scale] stale completion ignored: item=item-30 worker=worker-0
[scale] item item-40 failed: injected worker crash for item-40
[scale] stale completion ignored: item=item-40 worker=worker-0
[scale] item item-80 failed: injected worker crash for item-80

stdout | packages/scale/src/soak.integration.test.ts > SOAK-J: unattended-campaign long-run churn > SOAK-J2: budget exhaustion fails a durable tail and never overspends
[soak-j] J2 budget: completed=35 failedDurable=5 actions=140/140

stdout | packages/scale/src/soak.integration.test.ts > SOAK-J: unattended-campaign long-run churn > SOAK-J3: lease fencing storm — duplicate claims, expiry reclaims, stale writes rejected
[soak-j] J3 fencing: rounds=250, duplicateClaimsRejected=500, reclaims=250, staleCompletionsRejected=250, safeReleases=250

stdout | packages/scale/src/soak.integration.test.ts > SOAK-J: unattended-campaign long-run churn > SOAK-J4: model-router fallback storm routes correctly under continuous provider failure
[soak-j] J4 router storm: fallbackIterations=3000, outageIterations=200, flapIterations=1000, hits={"prov-a":1167,"prov-b":1333,"prov-c":1500}

stdout | packages/scale/src/soak.integration.test.ts > SOAK-J: unattended-campaign long-run churn > SOAK-J5: repeated truncation quarantines corrupt state without silent resets
[soak-j] J5 quarantine: truncationCycles=24, quarantineFiles=24

 ✓ packages/scale/src/soak.integration.test.ts (5 tests) 41229ms
   ✓ SOAK-J: unattended-campaign long-run churn > SOAK-J1: 160 items / 4 workers survive 20+ restart injections with exactly-once work 23388ms
   ✓ SOAK-J: unattended-campaign long-run churn > SOAK-J2: budget exhaustion fails a durable tail and never overspends 3067ms
   ✓ SOAK-J: unattended-campaign long-run churn > SOAK-J3: lease fencing storm — duplicate claims, expiry reclaims, stale writes rejected 14058ms
   ✓ SOAK-J: unattended-campaign long-run churn > SOAK-J4: model-router fallback storm routes correctly under continuous provider failure 441ms
stdout | packages/artifact-store/src/soak.integration.test.ts > SOAK-J: artifact-store long-run churn > SOAK-J6: thousands of write/read/meta cycles dedup exactly and leave zero tmp litter
[soak-j] J6 artifacts: writeOps=5000 readOps=2500 tamperCycles=25 -> physicalFiles=1707 (dedup 2.93x), uniquePairs=40, bytes=3799296, wallMs=46295
[soak-j] J6 resources: rss 73.6MB -> 83.6MB (growth 10.0MB), active resources 3 -> 3

 ✓ packages/artifact-store/src/soak.integration.test.ts (1 test) 46891ms
   ✓ SOAK-J: artifact-store long-run churn > SOAK-J6: thousands of write/read/meta cycles dedup exactly and leave zero tmp litter 46305ms
 ✓ packages/electron-adapter/src/electron.conformance.integration.test.ts (2 tests) 20827ms
   ✓ electron adapter conformance (M6 C2) > reports electron identity while reusing browser semantics 2834ms
   ✓ electron adapter conformance (M6 C2) > passes the common conformance contract 17991ms
 ✓ packages/adapter-web/src/web.hardening.integration.test.ts (16 tests) 56437ms
   ✓ web hardening: create/cleanup cluster (D2) > a second create replaces the prior instance without leaking it 11483ms
   ✓ web hardening: create/cleanup cluster (D2) > traces are stored under the run's artifact dir and leave nothing in the os tmpdir 5278ms
   ✓ web hardening: create/cleanup cluster (D2) > reset reports storage-clear failure honestly instead of ok:true 9325ms
   ✓ web hardening: late-throw classification (D3) > classifies an uncaught throw arriving within the configured settle window 3501ms
   ✓ web hardening: late-throw classification (D3) > documents the residual race: throws well beyond the default settle window are missed 1659ms
   ✓ web hardening: late-throw classification (D3) > an action-time Playwright timeout with a concurrent pageerror classifies TARGET_FAILURE 9530ms
   ✓ web hardening: secret redaction (D7) > masks password-field values and sensitive storage keys in observations 855ms
   ✓ web hardening: secret redaction (D7) > redacts credentials and sensitive query params in console and network captures 693ms
   ✓ web hardening: attribution threading (D8) > threads real run/environment ids from lifecycle options into observations 481ms
   ✓ web torture (seeded-server only) > empty page observes cleanly and missing-element clicks are automation misses 8949ms
   ✓ web torture (seeded-server only) > a huge accessibility tree (1200 controls) observes without choking 681ms
   ✓ web torture (seeded-server only) > console storms are captured and drained per observation 562ms
   ✓ web torture (seeded-server only) > stale/detached DOM during act resolves without crashing the adapter 803ms
   ✓ web torture (seeded-server only) > navigation triggered during an action resolves within the deadline 845ms
   ✓ web torture (seeded-server only) > network 5xx/delayed/aborted responses are observed and never crash the adapter 1225ms
   ✓ web torture (seeded-server only) > redirect loops fail the navigate action instead of hanging 564ms
 ✓ packages/adapter-web/src/web.conformance.integration.test.ts (7 tests) 51834ms
   ✓ web adapter conformance (M1) > 1: passes initialize/version/capability negotiation 6150ms
   ✓ web adapter conformance (M1) > 2/3: lifecycle create + observe returns url/title/semantic tree 10822ms
   ✓ web adapter conformance (M1) > 4: semantic traversal reaches the dashboard with correlated artifacts 5814ms
   ✓ web adapter conformance (M1) > 5: forbidden origin navigation is rejected 4829ms
   ✓ web adapter conformance (M1) > 6: page/application crash is a target-failure, not an adapter crash 4871ms
   ✓ web adapter conformance (M1) > 3: reset returns to identical seeded state 11783ms
   ✓ web adapter conformance (M1) > 6: injected adapter (browser) crash is classified separately 7562ms
stdout | packages/scale/src/fleet.integration.test.ts > FLEET: concurrent multi-target unattended campaign > runs web/electron/cli/android/windows lanes concurrently under restarts, kills, fencing, fallback and budget chaos with zero duplicate effects
[fleet] web item web-2 done: stopped=action-budget actions=45 findings=1

stdout | packages/scale/src/fleet.integration.test.ts > FLEET: concurrent multi-target unattended campaign > runs web/electron/cli/android/windows lanes concurrently under restarts, kills, fencing, fallback and budget chaos with zero duplicate effects
[fleet] life 4 ended (drained); queue=0
[fleet] audit(final): fleet/leases/ledger/telemetry parse clean
[fleet] state: executions=12 failures=3 terminal=["win-tail-a","win-tail-b"] stale=1 restarts=3 findings=5 rotations=13
[fleet] findings: android/CONFIRMED/PAGE_ERROR, android/CONFIRMED/PAGE_ERROR, web/CONFIRMED/PAGE_ERROR, web/CONFIRMED/PAGE_ERROR, web/CONFIRMED/PAGE_ERROR
[fleet] web hygiene target: non-boom finding find_8b87b753d002466a9cd0e03448008c4c token="HiddenValidationCrash"

stdout | packages/scale/src/fleet.integration.test.ts > FLEET: concurrent multi-target unattended campaign > runs web/electron/cli/android/windows lanes concurrently under restarts, kills, fencing, fallback and budget chaos with zero duplicate effects
[fleet] resources: rss 138.2MB -> 161.5MB (growth 23.3MB), handles 5 -> 5, tempRoots 1 -> 1, wallMs=91518
[fleet] tracked subprocesses: 92520(web:web-1:a1), 15024(web:web-2:a1), 120872(web:web-3:a1), 115132(electron:elec-1), 84568(web:web-2:a2)
[fleet] SUMMARY effects=35 duplicates=0 stale=1 restarts=3 killPid=15024 escalations=1 fallbacks=2 actions=53/56 wallMs=91518

 ✓ packages/scale/src/fleet.integration.test.ts (1 test) 92304ms
   ✓ FLEET: concurrent multi-target unattended campaign > runs web/electron/cli/android/windows lanes concurrently under restarts, kills, fencing, fallback and budget chaos with zero duplicate effects 92278ms
 ✓ packages/repair/src/repair.e2e.integration.test.ts (3 tests) 97302ms
   ✓ M4 autonomous repair > repairs a confirmed seeded defect end-to-end in an isolated worktree 30535ms
   ✓ M4 autonomous repair > rejects and rolls back a bad patch, preserving the audit trail 66598ms
 ✓ packages/repair/src/dogfood.integration.test.ts (6 tests) 263474ms
   ✓ HARDENING_1 final dogfood: Inspector repairs its own seeded defect end-to-end > STEP 1 explores the seeded web app autonomously and processes discovered anomalies 141199ms
   ✓ HARDENING_1 final dogfood: Inspector repairs its own seeded defect end-to-end > STEP 3a rejects a masking patch that deletes the crashing control, and falls back to CONFIRMED 29465ms
   ✓ HARDENING_1 final dogfood: Inspector repairs its own seeded defect end-to-end > STEP 3b accepts a valid patch with regression-first proof and durable audit 19390ms
   ✓ HARDENING_1 final dogfood: Inspector repairs its own seeded defect end-to-end > STEP 4 applies the accepted patch to a fixture checkout and replays the original defect clean 12154ms
   ✓ HARDENING_1 final dogfood: Inspector repairs its own seeded defect end-to-end > STEP 5 runs two more independent pipelines concurrently on different seeded defects without cross-contamination 61259ms
 ✓ packages/explore/src/web.explore.integration.test.ts (2 tests) 258151ms
   ✓ M3 autonomous web exploration > discovers multiple hidden seeded defects with reproducible evidence 182098ms
   ✓ M3 autonomous web exploration > is deterministic for a given seed 76052ms

 Test Files  20 passed (20)
      Tests  102 passed (102)
   Start at  19:23:59
   Duration  280.28s (transform 4.31s, setup 0ms, collect 22.48s, tests 1054.35s, environment 8ms, prepare 6.43s)

INTEGRATION_OK
=== BASELINE END 2026-08-21T19:28:39+08:00 exit=0 ===
