
> inspector@0.1.0 test:integration C:\Users\Michael Roy\Documents\Inspector
> vitest run --passWithNoTests --config vitest.integration.config.ts

[33mThe CJS build of Vite's Node API is deprecated. See https://vite.dev/guide/troubleshooting.html#vite-cjs-node-api-deprecated for more details.[39m

 RUN  v2.1.9 C:/Users/Michael Roy/Documents/Inspector

 ❯ packages/store-sqlite/src/store.integration.test.ts (14 tests | 1 failed) 1119ms
   × oracle evaluation records > keeps phases and nullable provenance fields distinct per row 669ms
     → expected [ 'repair-verify' ] to deeply equal [ 'minimize', 'repair-verify' ]
stdout | packages/store-sqlite/src/soak.integration.test.ts > SOAK-J: sqlite durable-store long-run churn > SOAK-J7: thousands of commits survive repeated reopen cycles with exact row accounting
[soak-j] J7 db: cycles=40 reopenCycles=40 steps=3200 dbBytes=2924544 (2856KiB, 914 bytes/step), wallMs=12339
[soak-j] J7 resources: rss 73.6MB -> 85.7MB (growth 12.1MB), active resources 3 -> 4

 ✓ packages/store-sqlite/src/soak.integration.test.ts (1 test) 12556ms
   ✓ SOAK-J: sqlite durable-store long-run churn > SOAK-J7: thousands of commits survive repeated reopen cycles with exact row accounting 12451ms
 ✓ packages/android/src/android.conformance.integration.test.ts (10 tests) 17427ms
   ✓ android adapter conformance (M5) > 1: passes initialize/version/capability negotiation 2628ms
   ✓ android adapter conformance (M5) > 2/3: lifecycle create + observe returns semantic UI tree 2684ms
   ✓ android adapter conformance (M5) > 4: semantic traversal reaches the dashboard 1760ms
   ✓ android adapter conformance (M5) > 5: application crash is a target-failure, not an adapter crash 2207ms
   ✓ android adapter conformance (M5) > 6: automation miss is ACTION_FAILED, not a defect 2330ms
   ✓ android adapter conformance (M5) > 7: reset returns to identical seeded state 1695ms
   ✓ android adapter conformance (M5) > 8: create/reset with launchPackage (no seedApk) round-trips over the protocol 2055ms
   ✓ android adapter conformance (M5) > 9: create with seedApk keeps the seeded install path working 2017ms
 ✓ packages/windows-adapter/src/windows.real-uia.integration.test.ts (2 tests) 22497ms
   ✓ windows real UIA backend (integration) > launches Paint, attaches, reads the semantic tree, exercises invoke/value, closes cleanly 13147ms
   ✓ windows real UIA backend (integration) > waitForWindow resolves on cold start and times out typed; tree throws DEAD_WINDOW after kill 9348ms
 ✓ packages/repair/src/repair.hardening.integration.test.ts (12 tests) 23064ms
   ✓ repair hardening > D1: hostile patch agent cannot escape the worktree through the engine 2081ms
   ✓ repair hardening > D3: mid-pipeline throw restores CONFIRMED and persists an audit record 2251ms
   ✓ repair hardening > D3: replay crash after patch is contained per attempt, not stranded in PATCHING 2016ms
   ✓ repair hardening > D3: pipeline-level failure persists an ERROR record and keeps the finding recoverable 1679ms
   ✓ repair hardening > D4: accepted patch and regression evidence survive dispose; worktree identity recorded 2102ms
   ✓ repair hardening > D6a: rejects patches that tamper with test files unless allow-listed 2275ms
   ✓ repair hardening > D6a: allow-listed test paths are still patchable 1326ms
   ✓ repair hardening > D6b: probe failing on the unpatched revision yields PROBE_INVALID, not blamed patches 1516ms
   ✓ repair hardening > D6c: agent returning no patch within budget yields NO_PATCH 1565ms
   ✓ repair hardening > D6c: empty-file patch counts as NO_PATCH too 3648ms
   ✓ repair hardening > D6d: regression scenario derives its expected oracle from the repair hints 1355ms
   ✓ repair hardening > D4: applyAcceptedPatch materializes the accepted patch into a target checkout on explicit request 1242ms
 ✓ packages/core/src/run-manager.integration.test.ts (5 tests) 11012ms
   ✓ core run manager (acceptance 1-5,7,8) > 1: happy-path run persists exact ordered events 2082ms
   ✓ core run manager (acceptance 1-5,7,8) > 5: budget exhaustion is deterministic 4289ms
   ✓ core run manager (acceptance 1-5,7,8) > 3+7: unknown-outcome action is not blindly duplicated on restart; crash classified separately 3364ms
   ✓ core run manager (acceptance 1-5,7,8) > 8: artifact hash/metadata round-trips 1150ms
 ✓ packages/scale/src/campaign.integration.test.ts (4 tests) 1391ms
   ✓ M8-proving multi-worker campaign (S0/S5/S8) > runs a bounded campaign across two isolated workers with clean shutdown 385ms
   ✓ M8-proving multi-worker campaign (S0/S5/S8) > survives controller restart without duplicating completed work 592ms
   ✓ M8-proving multi-worker campaign (S0/S5/S8) > restarts mid-queue between items without duplication or loss 383ms
stdout | packages/scale/src/fleet.integration.test.ts > FLEET: concurrent multi-target unattended campaign > runs web/electron/cli/android/windows lanes concurrently under restarts, kills, fencing, fallback and budget chaos with zero duplicate effects
[fleet] life 1 ended (stopped); queue=3
[fleet] audit(after-life-1): fleet/leases/ledger/telemetry parse clean
[fleet] life 2 ended (stopped); queue=3
[fleet] audit(after-life-2): fleet/leases/ledger/telemetry parse clean
[fleet] life 3 ended (stopped); queue=3
[fleet] audit(after-life-3): fleet/leases/ledger/telemetry parse clean

 ✓ packages/adapter-fake/src/conformance.integration.test.ts (8 tests) 12400ms
   ✓ fake adapter conformance > negotiates capabilities at protocol version 0.1 1751ms
   ✓ fake adapter conformance > transitions state through semantic actions and observes 1617ms
   ✓ fake adapter conformance > signals the deterministic failure oracle as target-failure 1855ms
   ✓ fake adapter conformance > resets the environment to the initial state 1370ms
   ✓ fake adapter conformance > creates an artifact stub with a valid sha256 1429ms
   ✓ fake adapter conformance > classifies an injected adapter crash separately from target failure 1365ms
   ✓ fake adapter conformance > classifies an injected timeout as deadline-exceeded 1657ms
   ✓ fake adapter conformance > responds to health/heartbeat 1353ms
 ✓ packages/cli-adapter/src/cli.conformance.integration.test.ts (2 tests) 5344ms
   ✓ cli adapter conformance (M6 C1) > passes the common conformance contract 3987ms
   ✓ cli adapter conformance (M6 C1) > counter overflow defect aborts the process at the boundary 1354ms
 ✓ packages/explore/src/web.generic-dom.integration.test.ts (2 tests) 49576ms
   ✓ exploration over generic external DOM > interacts (fill/click/press) on a React-like id-less form app and visits >=5 states 22138ms
   ✓ exploration over generic external DOM > still interacts on Backbone-style id-bearing markup 27428ms
 ✓ packages/explore/src/web-replay.target-url.integration.test.ts (2 tests) 32174ms
   ✓ WebReplayDriver external targetUrl > reproduces the external app's crash when targetUrl is set 9501ms
   ✓ WebReplayDriver external targetUrl > does NOT reproduce against the seeded app without targetUrl (no false positive) 22669ms
 ✓ packages/adapter-web/src/web.conformance.integration.test.ts (7 tests) 66143ms
   ✓ web adapter conformance (M1) > 1: passes initialize/version/capability negotiation 2996ms
   ✓ web adapter conformance (M1) > 2/3: lifecycle create + observe returns url/title/semantic tree 7684ms
   ✓ web adapter conformance (M1) > 4: semantic traversal reaches the dashboard with correlated artifacts 6282ms
   ✓ web adapter conformance (M1) > 5: forbidden origin navigation is rejected 6435ms
   ✓ web adapter conformance (M1) > 6: page/application crash is a target-failure, not an adapter crash 10058ms
   ✓ web adapter conformance (M1) > 3: reset returns to identical seeded state 18568ms
   ✓ web adapter conformance (M1) > 6: injected adapter (browser) crash is classified separately 14118ms
 ✓ packages/cli-adapter/src/pty-exit-wedge.integration.test.ts (2 tests) 24195ms
   ✓ NodePtyBackend host-exit wedge regression > survives N=5 external-kill + close cycles in-process 10969ms
   ✓ NodePtyBackend host-exit wedge regression > lets a host process that spawned/killed/closed sessions exit cleanly 13223ms
 ✓ packages/windows-adapter/src/windows.conformance.integration.test.ts (2 tests) 5924ms
   ✓ windows adapter conformance (M6 C3) > passes the common conformance contract 4119ms
   ✓ windows adapter conformance (M6 C3) > counter overflow defect surfaces through the UIA boundary 1803ms
 ✓ packages/cli-adapter/src/node-pty-backend.integration.test.ts (2 tests) 2555ms
   ✓ NodePtyBackend (real PTY) > spawns a real process and round-trips write/readScreen/isAlive/kill 2527ms
 ✓ packages/core/src/run-manager.create-options.integration.test.ts (2 tests) 691ms
   ✓ startRun createOptions forwarding > forwards createOptions as lifecycle-create options 346ms
   ✓ startRun createOptions forwarding > omits options when createOptions is absent (backward compatible) 343ms
 ✓ packages/adapter-web/src/web.window-classification.integration.test.ts (2 tests) 22316ms
   ✓ web hardening: pageerror action-window attribution > K1: pageerror arriving DURING a failing action classifies TARGET_FAILURE 14314ms
   ✓ web hardening: pageerror action-window attribution > K2: a pageerror from BEFORE the action window stays ACTION_FAILED 7991ms
 ✓ packages/cli/src/cli.integration.test.ts (14 tests) 127821ms
   ✓ cli > doctor passes on a clean checkout 10065ms
   ✓ cli > doctor reports structured probes with remediation hints 6003ms
   ✓ cli > rejects unknown flags with a named error on stderr 4505ms
   ✓ cli > prints the version from the root package.json 8074ms
   ✓ cli > prints general and per-command help 6997ms
   ✓ cli > runs a non-interactive fake demonstration and records the run 10711ms
   ✓ cli > says 'no runs recorded' instead of printing nothing 2950ms
   ✓ cli > creates a durable workspace directory 4642ms
   ✓ cli > lists and shows seeded findings 14299ms
   ✓ cli > hunts autonomously against the fake adapter end-to-end 10757ms
   ✓ cli > resumes a recorded fake run and re-observes it 17321ms
   ✓ cli > resolves $INSPECTOR_WORKSPACE when --workspace is absent 6337ms
   ✓ cli > warns on stderr when the resolved workspace is a repository root 10747ms
   ✓ cli > keeps two concurrent hunts in two workspaces fully isolated 14410ms
 ✓ packages/repair/src/repair.e2e.integration.test.ts (3 tests) 132984ms
   ✓ M4 autonomous repair > repairs a confirmed seeded defect end-to-end in an isolated worktree 45973ms
   ✓ M4 autonomous repair > rejects and rolls back a bad patch, preserving the audit trail 86356ms
   ✓ M4 autonomous repair > policy-blocks weak-suspicion findings from entering repair 648ms
stdout | packages/artifact-store/src/soak.integration.test.ts > SOAK-J: artifact-store long-run churn > SOAK-J6: thousands of write/read/meta cycles dedup exactly and leave zero tmp litter
[soak-j] J6 artifacts: writeOps=5000 readOps=2500 tamperCycles=25 -> physicalFiles=1707 (dedup 2.93x), uniquePairs=40, bytes=3799296, wallMs=115510
[soak-j] J6 resources: rss 73.5MB -> 84.3MB (growth 10.7MB), active resources 3 -> 3

 ✓ packages/artifact-store/src/soak.integration.test.ts (1 test) 119458ms
   ✓ SOAK-J: artifact-store long-run churn > SOAK-J6: thousands of write/read/meta cycles dedup exactly and leave zero tmp litter 115551ms
stdout | packages/scale/src/soak.integration.test.ts > SOAK-J: unattended-campaign long-run churn > SOAK-J1: 160 items / 4 workers survive 20+ restart injections with exactly-once work
[soak-j] J1 campaign churn: rss 82.6MB -> 92.5MB (growth 9.9MB), active resources 5 -> 6
[soak-j] J1 mid-run sample at cycle 21: rss 89.3MB, resources 6
[soak-j] J1 shape: 160 items x 2 steps, workerCount=4, cycles=38, restarts=37, realBodyRuns=186, staleInjections=26, workerFailures=19, charges=372, wallMs=57075

stderr | packages/scale/src/soak.integration.test.ts > SOAK-J: unattended-campaign long-run churn > SOAK-J1: 160 items / 4 workers survive 20+ restart injections with exactly-once work
[scale] item item-106 failed: injected worker crash for item-106
[scale] stale completion ignored: item=item-111 worker=worker-0
[scale] stale completion ignored: item=item-136 worker=worker-0
[scale] item item-146 failed: injected worker crash for item-146
[scale] stale completion ignored: item=item-146 worker=worker-1
[scale] item item-41 failed: injected worker crash for item-41
[scale] stale completion ignored: item=item-46 worker=worker-3
[scale] stale completion ignored: item=item-66 worker=worker-0
[scale] item item-76 failed: injected worker crash for item-76
[scale] stale completion ignored: item=item-76 worker=worker-0
[scale] item item-12 failed: injected worker crash for item-12
[scale] stale completion ignored: item=item-147 worker=worker-3
[scale] item item-17 failed: injected worker crash for item-17
[scale] stale completion ignored: item=item-27 worker=worker-1
[scale] stale completion ignored: item=item-52 worker=worker-1
[scale] item item-57 failed: injected worker crash for item-57
[scale] stale completion ignored: item=item-72 worker=worker-2
[scale] item item-92 failed: injected worker crash for item-92
[scale] stale completion ignored: item=item-103 worker=worker-0
[scale] stale completion ignored: item=item-128 worker=worker-0
[scale] item item-133 failed: injected worker crash for item-133
[scale] stale completion ignored: item=item-133 worker=worker-1
[scale] item item-28 failed: injected worker crash for item-28
[scale] stale completion ignored: item=item-3 worker=worker-3
[scale] stale completion ignored: item=item-53 worker=worker-0
[scale] item item-63 failed: injected worker crash for item-63
[scale] stale completion ignored: item=item-63 worker=worker-0
[scale] item item-104 failed: injected worker crash for item-104
[scale] stale completion ignored: item=item-134 worker=worker-3
[scale] item item-144 failed: injected worker crash for item-144
[scale] stale completion ignored: item=item-159 worker=worker-1
[scale] stale completion ignored: item=item-39 worker=worker-1
[scale] item item-4 failed: injected worker crash for item-4
[scale] stale completion ignored: item=item-59 worker=worker-2
[scale] item item-79 failed: injected worker crash for item-79
[scale] stale completion ignored: item=item-89 worker=worker-0
[scale] stale completion ignored: item=item-100 worker=worker-0
[scale] item item-110 failed: injected worker crash for item-110
[scale] stale completion ignored: item=item-110 worker=worker-1
[scale] item item-15 failed: injected worker crash for item-15
[scale] stale completion ignored: item=item-150 worker=worker-3
[scale] stale completion ignored: item=item-30 worker=worker-0
[scale] item item-40 failed: injected worker crash for item-40
[scale] stale completion ignored: item=item-40 worker=worker-0
[scale] item item-80 failed: injected worker crash for item-80

stdout | packages/scale/src/soak.integration.test.ts > SOAK-J: unattended-campaign long-run churn > SOAK-J2: budget exhaustion fails a durable tail and never overspends
[soak-j] J2 budget: completed=35 failedDurable=5 actions=140/140

stdout | packages/scale/src/soak.integration.test.ts > SOAK-J: unattended-campaign long-run churn > SOAK-J3: lease fencing storm — duplicate claims, expiry reclaims, stale writes rejected [json]
[soak-j] J3 fencing [json]: rounds=250, duplicateClaimsRejected=500, reclaims=250, staleCompletionsRejected=250, safeReleases=250

stdout | packages/scale/src/soak.integration.test.ts > SOAK-J: unattended-campaign long-run churn > SOAK-J3: lease fencing storm — duplicate claims, expiry reclaims, stale writes rejected [sqlite]
[soak-j] J3 fencing [sqlite]: rounds=250, duplicateClaimsRejected=500, reclaims=250, staleCompletionsRejected=250, safeReleases=250

stdout | packages/scale/src/soak.integration.test.ts > SOAK-J: unattended-campaign long-run churn > SOAK-J4: model-router fallback storm routes correctly under continuous provider failure
[soak-j] J4 router storm: fallbackIterations=3000, outageIterations=200, flapIterations=1000, hits={"prov-a":1167,"prov-b":1333,"prov-c":1500}

stdout | packages/scale/src/soak.integration.test.ts > SOAK-J: unattended-campaign long-run churn > SOAK-J5: repeated truncation quarantines corrupt state without silent resets
[soak-j] J5 quarantine: truncationCycles=24, quarantineFiles=24

 ✓ packages/scale/src/soak.integration.test.ts (6 tests) 141417ms
   ✓ SOAK-J: unattended-campaign long-run churn > SOAK-J1: 160 items / 4 workers survive 20+ restart injections with exactly-once work 57110ms
   ✓ SOAK-J: unattended-campaign long-run churn > SOAK-J2: budget exhaustion fails a durable tail and never overspends 8090ms
   ✓ SOAK-J: unattended-campaign long-run churn > SOAK-J3: lease fencing storm — duplicate claims, expiry reclaims, stale writes rejected [json] 65021ms
   ✓ SOAK-J: unattended-campaign long-run churn > SOAK-J3: lease fencing storm — duplicate claims, expiry reclaims, stale writes rejected [sqlite] 7918ms
   ✓ SOAK-J: unattended-campaign long-run churn > SOAK-J4: model-router fallback storm routes correctly under continuous provider failure 1615ms
   ✓ SOAK-J: unattended-campaign long-run churn > SOAK-J5: repeated truncation quarantines corrupt state without silent resets 1433ms
 ✓ packages/electron-adapter/src/electron.conformance.integration.test.ts (2 tests) 35405ms
   ✓ electron adapter conformance (M6 C2) > reports electron identity while reusing browser semantics 3432ms
   ✓ electron adapter conformance (M6 C2) > passes the common conformance contract 31971ms
 ✓ packages/adapter-web/src/web.hardening.integration.test.ts (16 tests) 158141ms
   ✓ web hardening: create/cleanup cluster (D2) > a second create replaces the prior instance without leaking it 27864ms
   ✓ web hardening: create/cleanup cluster (D2) > traces are stored under the run's artifact dir and leave nothing in the os tmpdir 12212ms
   ✓ web hardening: create/cleanup cluster (D2) > reset reports storage-clear failure honestly instead of ok:true 25097ms
   ✓ web hardening: late-throw classification (D3) > classifies an uncaught throw arriving within the configured settle window 22187ms
   ✓ web hardening: late-throw classification (D3) > documents the residual race: throws well beyond the default settle window are missed 3442ms
   ✓ web hardening: late-throw classification (D3) > an action-time Playwright timeout with a concurrent pageerror classifies TARGET_FAILURE 16804ms
   ✓ web hardening: secret redaction (D7) > masks password-field values and sensitive storage keys in observations 2452ms
   ✓ web hardening: secret redaction (D7) > redacts credentials and sensitive query params in console and network captures 6063ms
   ✓ web hardening: attribution threading (D8) > threads real run/environment ids from lifecycle options into observations 6006ms
   ✓ web torture (seeded-server only) > empty page observes cleanly and missing-element clicks are automation misses 14522ms
   ✓ web torture (seeded-server only) > a huge accessibility tree (1200 controls) observes without choking 3166ms
   ✓ web torture (seeded-server only) > console storms are captured and drained per observation 5358ms
   ✓ web torture (seeded-server only) > stale/detached DOM during act resolves without crashing the adapter 3551ms
   ✓ web torture (seeded-server only) > navigation triggered during an action resolves within the deadline 3658ms
   ✓ web torture (seeded-server only) > network 5xx/delayed/aborted responses are observed and never crash the adapter 3599ms
   ✓ web torture (seeded-server only) > redirect loops fail the navigate action instead of hanging 2131ms
 ✓ packages/android/src/android.real-backend.integration.test.ts (2 tests) 172453ms
   ✓ android real ADB backend > acquires a live device (pre-existing or freshly booted AVD) 120777ms
   ✓ android real ADB backend > exercises com.android.settings end to end 49970ms
stdout | packages/scale/src/fleet.integration.test.ts > FLEET: concurrent multi-target unattended campaign > runs web/electron/cli/android/windows lanes concurrently under restarts, kills, fencing, fallback and budget chaos with zero duplicate effects
[fleet] web item web-1 done: stopped=action-budget actions=45 findings=1

stdout | packages/scale/src/fleet.integration.test.ts > FLEET: concurrent multi-target unattended campaign > runs web/electron/cli/android/windows lanes concurrently under restarts, kills, fencing, fallback and budget chaos with zero duplicate effects
[fleet] web item web-3 done: stopped=action-budget actions=45 findings=1

stdout | packages/scale/src/fleet.integration.test.ts > FLEET: concurrent multi-target unattended campaign > runs web/electron/cli/android/windows lanes concurrently under restarts, kills, fencing, fallback and budget chaos with zero duplicate effects
[fleet] web item web-2 done: stopped=action-budget actions=45 findings=1

stdout | packages/scale/src/fleet.integration.test.ts > FLEET: concurrent multi-target unattended campaign > runs web/electron/cli/android/windows lanes concurrently under restarts, kills, fencing, fallback and budget chaos with zero duplicate effects
[fleet] life 4 ended (drained); queue=0
[fleet] audit(final): fleet/leases/ledger/telemetry parse clean
[fleet] state: executions=12 failures=3 terminal=["win-tail-a","win-tail-b"] stale=1 restarts=3 findings=5 rotations=13
[fleet] findings: android/CONFIRMED/PAGE_ERROR, android/CONFIRMED/PAGE_ERROR, web/CONFIRMED/PAGE_ERROR, web/CONFIRMED/PAGE_ERROR, web/CONFIRMED/PAGE_ERROR
[fleet] web hygiene target: non-boom finding find_670389349df445adb20724fc1fce7f76 token="HiddenValidationCrash"

stdout | packages/scale/src/fleet.integration.test.ts > FLEET: concurrent multi-target unattended campaign > runs web/electron/cli/android/windows lanes concurrently under restarts, kills, fencing, fallback and budget chaos with zero duplicate effects
[fleet] resources: rss 136.7MB -> 166.8MB (growth 30.1MB), handles 5 -> 5, tempRoots 1 -> 1, wallMs=219790
[fleet] tracked subprocesses: 113104(web:web-1:a1), 95612(web:web-2:a1), 52668(web:web-3:a1), 96932(electron:elec-1), 106476(web:web-2:a2)
[fleet] SUMMARY effects=35 duplicates=0 stale=1 restarts=3 killPid=95612 escalations=1 fallbacks=2 actions=53/56 wallMs=219790

 ✓ packages/scale/src/fleet.integration.test.ts (1 test) 220884ms
   ✓ FLEET: concurrent multi-target unattended campaign > runs web/electron/cli/android/windows lanes concurrently under restarts, kills, fencing, fallback and budget chaos with zero duplicate effects 220800ms
 ✓ packages/repair/src/dogfood.integration.test.ts (6 tests) 334146ms
   ✓ HARDENING_1 final dogfood: Inspector repairs its own seeded defect end-to-end > STEP 1 explores the seeded web app autonomously and processes discovered anomalies 173323ms
   ✓ HARDENING_1 final dogfood: Inspector repairs its own seeded defect end-to-end > STEP 3a rejects a masking patch that deletes the crashing control, and falls back to CONFIRMED 31461ms
   ✓ HARDENING_1 final dogfood: Inspector repairs its own seeded defect end-to-end > STEP 3b accepts a valid patch with regression-first proof and durable audit 20171ms
   ✓ HARDENING_1 final dogfood: Inspector repairs its own seeded defect end-to-end > STEP 4 applies the accepted patch to a fixture checkout and replays the original defect clean 12183ms
   ✓ HARDENING_1 final dogfood: Inspector repairs its own seeded defect end-to-end > STEP 5 runs two more independent pipelines concurrently on different seeded defects without cross-contamination 96992ms
 ✓ packages/explore/src/web.explore.integration.test.ts (2 tests) 356304ms
   ✓ M3 autonomous web exploration > discovers multiple hidden seeded defects with reproducible evidence 213773ms
   ✓ M3 autonomous web exploration > is deterministic for a given seed 142529ms

⎯⎯⎯⎯⎯⎯⎯ Failed Tests 1 ⎯⎯⎯⎯⎯⎯⎯

 FAIL  packages/store-sqlite/src/store.integration.test.ts > oracle evaluation records > keeps phases and nullable provenance fields distinct per row
AssertionError: expected [ 'repair-verify' ] to deeply equal [ 'minimize', 'repair-verify' ]

- Expected
+ Received

  Array [
-   "minimize",
    "repair-verify",
  ]

 ❯ packages/store-sqlite/src/store.integration.test.ts:478:38
    476|     );
    477|     const rows = store.listOracleEvaluationsForFinding("find_oe");
    478|     expect(rows.map((r) => r.phase)).toEqual(["minimize", "repair-veri…
       |                                      ^
    479|     expect(rows[0]!.findingId).toBeNull();
    480|     expect(rows[0]!.subjectKey).toBe("a1>a3");

⎯⎯⎯⎯⎯⎯⎯⎯⎯⎯⎯⎯⎯⎯⎯⎯⎯⎯⎯⎯⎯⎯⎯⎯[1/1]⎯

 Test Files  1 failed | 26 passed (27)
      Tests  1 failed | 131 passed (132)
   Start at  05:54:12
   Duration  438.89s (transform 6.83s, setup 0ms, collect 33.10s, tests 2109.40s, environment 11ms, prepare 9.08s)

 ELIFECYCLE  Command failed with exit code 1.
