[33mThe CJS build of Vite's Node API is deprecated. See https://vite.dev/guide/troubleshooting.html#vite-cjs-node-api-deprecated for more details.[39m

[1m[7m[36m RUN [39m[27m[22m [36mv2.1.9 [39m[90mC:/Users/Michael Roy/Documents/Inspector[39m

 [31m❯[39m packages/cli/src/cli.integration.test.ts [2m([22m[2m14 tests[22m[2m | [22m[31m1 failed[39m[2m)[22m[33m 58277[2mms[22m[39m
   [33m[2m✓[22m[39m cli[2m > [22mdoctor passes on a clean checkout [33m3253[2mms[22m[39m
   [33m[2m✓[22m[39m cli[2m > [22mdoctor reports structured probes with remediation hints [33m2146[2mms[22m[39m
   [33m[2m✓[22m[39m cli[2m > [22mrejects unknown flags with a named error on stderr [33m1556[2mms[22m[39m
   [33m[2m✓[22m[39m cli[2m > [22mprints the version from the root package.json [33m3194[2mms[22m[39m
   [33m[2m✓[22m[39m cli[2m > [22mprints general and per-command help [33m2941[2mms[22m[39m
   [33m[2m✓[22m[39m cli[2m > [22mruns a non-interactive fake demonstration and records the run [33m4164[2mms[22m[39m
   [33m[2m✓[22m[39m cli[2m > [22msays 'no runs recorded' instead of printing nothing [33m1221[2mms[22m[39m
   [33m[2m✓[22m[39m cli[2m > [22mcreates a durable workspace directory [33m1683[2mms[22m[39m
   [33m[2m✓[22m[39m cli[2m > [22mlists and shows seeded findings [33m4820[2mms[22m[39m
   [33m[2m✓[22m[39m cli[2m > [22mhunts autonomously against the fake adapter end-to-end [33m4057[2mms[22m[39m
[31m   [31m×[31m cli[2m > [22mrefuses to resume a closed run and resumes an interrupted one[33m 18138[2mms[22m[31m[39m
[31m     → expected false to be true // Object.is equality[39m
[31m     → EBUSY: resource busy or locked, unlink 'C:\Users\MICHAE~1\AppData\Local\Temp\inspector-cli-LGnSuA\.inspector\runs.db'[39m
   [33m[2m✓[22m[39m cli[2m > [22mresolves $INSPECTOR_WORKSPACE when --workspace is absent [33m2049[2mms[22m[39m
   [33m[2m✓[22m[39m cli[2m > [22mwarns on stderr when the resolved workspace is a repository root [33m4941[2mms[22m[39m
   [33m[2m✓[22m[39m cli[2m > [22mkeeps two concurrent hunts in two workspaces fully isolated [33m4110[2mms[22m[39m

[31m⎯⎯⎯⎯⎯⎯⎯[1m[7m Failed Tests 1 [27m[22m⎯⎯⎯⎯⎯⎯⎯[39m

[31m[1m[7m FAIL [27m[22m[39m packages/cli/src/cli.integration.test.ts[2m > [22mcli[2m > [22mrefuses to resume a closed run and resumes an interrupted one
[31m[1mAssertionError[22m: expected false to be true // Object.is equality[39m

[32m- Expected[39m
[31m+ Received[39m

[32m- true[39m
[31m+ false[39m

[36m [2m❯[22m packages/cli/src/cli.integration.test.ts:[2m321:20[22m[39m
    [90m319| [39m      }
    [90m320| [39m    }
    [90m321| [39m    [34mexpect[39m(midRun)[33m.[39m[34mtoBe[39m([35mtrue[39m)[33m;[39m
    [90m   | [39m                   [31m^[39m
    [90m322| [39m    [35mif[39m (process[33m.[39mplatform [33m===[39m [32m"win32"[39m) {
    [90m323| [39m      [34mspawn[39m([32m"taskkill"[39m[33m,[39m [[32m"/PID"[39m[33m,[39m [33mString[39m(child[33m.[39mpid)[33m,[39m [32m"/T"[39m[33m,[39m [32m"/F"[39m][33m,[39m { std…

[31m[2m⎯⎯⎯⎯⎯⎯⎯⎯⎯⎯⎯⎯⎯⎯⎯⎯⎯⎯⎯⎯⎯⎯⎯⎯[1/2]⎯[22m[39m

[31m[1m[7m FAIL [27m[22m[39m packages/cli/src/cli.integration.test.ts[2m > [22mcli[2m > [22mrefuses to resume a closed run and resumes an interrupted one
[31m[1mError[22m: EBUSY: resource busy or locked, unlink 'C:\Users\MICHAE~1\AppData\Local\Temp\inspector-cli-LGnSuA\.inspector\runs.db'[39m
[31m[2m⎯⎯⎯⎯⎯⎯⎯⎯⎯⎯⎯⎯⎯⎯⎯⎯⎯⎯⎯⎯⎯⎯⎯⎯[2/2]⎯[22m[39m

[2m Test Files [22m [1m[31m1 failed[39m[22m[90m (1)[39m
[2m      Tests [22m [1m[31m1 failed[39m[22m[2m | [22m[1m[32m13 passed[39m[22m[90m (14)[39m
[2m   Start at [22m 12:44:32
[2m   Duration [22m 59.13s[2m (transform 114ms, setup 0ms, collect 139ms, tests 58.28s, environment 0ms, prepare 284ms)[22m

