[33mThe CJS build of Vite's Node API is deprecated. See https://vite.dev/guide/troubleshooting.html#vite-cjs-node-api-deprecated for more details.[39m

[1m[7m[36m RUN [39m[27m[22m [36mv2.1.9 [39m[90mC:/Users/Michael Roy/Documents/Inspector[39m

 [31m❯[39m packages/cli/src/cli.integration.test.ts [2m([22m[2m14 tests[22m[2m | [22m[31m1 failed[39m[2m | [22m[33m13 skipped[39m[2m)[22m[33m 18156[2mms[22m[39m
[31m   [31m×[31m cli[2m > [22mrefuses to resume a closed run and resumes an interrupted one[33m 18154[2mms[22m[31m[39m
[31m     → expected false to be true // Object.is equality[39m

[31m⎯⎯⎯⎯⎯⎯⎯[1m[7m Failed Tests 1 [27m[22m⎯⎯⎯⎯⎯⎯⎯[39m

[31m[1m[7m FAIL [27m[22m[39m packages/cli/src/cli.integration.test.ts[2m > [22mcli[2m > [22mrefuses to resume a closed run and resumes an interrupted one
[31m[1mAssertionError[22m: expected false to be true // Object.is equality[39m

[32m- Expected[39m
[31m+ Received[39m

[32m- true[39m
[31m+ false[39m

[36m [2m❯[22m packages/cli/src/cli.integration.test.ts:[2m321:20[22m[39m
    [90m319| [39m      }
    [90m320| [39m    }
    [90m321| [39m    [34mexpect[39m(midRun)[33m.[39m[34mtoBe[39m([35mtrue[39m)[33m;[39m
    [90m   | [39m                   [31m^[39m
    [90m322| [39m    [35mif[39m (process[33m.[39mplatform [33m===[39m [32m"win32"[39m) {
    [90m323| [39m      [34mspawn[39m([32m"taskkill"[39m[33m,[39m [[32m"/PID"[39m[33m,[39m [33mString[39m(child[33m.[39mpid)[33m,[39m [32m"/T"[39m[33m,[39m [32m"/F"[39m][33m,[39m { std…

[31m[2m⎯⎯⎯⎯⎯⎯⎯⎯⎯⎯⎯⎯⎯⎯⎯⎯⎯⎯⎯⎯⎯⎯⎯⎯[1/1]⎯[22m[39m

[2m Test Files [22m [1m[31m1 failed[39m[22m[90m (1)[39m
[2m      Tests [22m [1m[31m1 failed[39m[22m[2m | [22m[33m13 skipped[39m[90m (14)[39m
[2m   Start at [22m 12:50:42
[2m   Duration [22m 18.88s[2m (transform 101ms, setup 0ms, collect 134ms, tests 18.16s, environment 0ms, prepare 208ms)[22m

