
> inspector@0.1.0 test:integration C:\Users\Michael Roy\Documents\Inspector
> vitest run --passWithNoTests --config vitest.integration.config.ts

[33mThe CJS build of Vite's Node API is deprecated. See https://vite.dev/guide/troubleshooting.html#vite-cjs-node-api-deprecated for more details.[39m

[1m[7m[36m RUN [39m[27m[22m [36mv2.1.9 [39m[90mC:/Users/Michael Roy/Documents/Inspector[39m

 [32m✓[39m packages/store-sqlite/src/store.integration.test.ts [2m([22m[2m14 tests[22m[2m)[22m[33m 491[2mms[22m[39m
[90mstdout[2m | packages/store-sqlite/src/soak.integration.test.ts[2m > [22m[2mSOAK-J: sqlite durable-store long-run churn[2m > [22m[2mSOAK-J7: thousands of commits survive repeated reopen cycles with exact row accounting
[22m[39m[soak-j] J7 db: cycles=40 reopenCycles=40 steps=3200 dbBytes=2924544 (2856KiB, 914 bytes/step), wallMs=10640
[soak-j] J7 resources: rss 73.9MB -> 86.8MB (growth 12.9MB), active resources 3 -> 4

 [32m✓[39m packages/store-sqlite/src/soak.integration.test.ts [2m([22m[2m1 test[22m[2m)[22m[33m 10840[2mms[22m[39m
   [33m[2m✓[22m[39m SOAK-J: sqlite durable-store long-run churn[2m > [22mSOAK-J7: thousands of commits survive repeated reopen cycles with exact row accounting [33m10730[2mms[22m[39m
[90mstdout[2m | packages/scale/src/fleet.integration.test.ts[2m > [22m[2mFLEET: concurrent multi-target unattended campaign[2m > [22m[2mruns web/electron/cli/android/windows lanes concurrently under restarts, kills, fencing, fallback and budget chaos with zero duplicate effects
[22m[39m[fleet] life 1 ended (stopped); queue=3
[fleet] audit(after-life-1): fleet/leases/ledger/telemetry parse clean
[fleet] life 2 ended (stopped); queue=3
[fleet] audit(after-life-2): fleet/leases/ledger/telemetry parse clean
[fleet] life 3 ended (stopped); queue=3
[fleet] audit(after-life-3): fleet/leases/ledger/telemetry parse clean

 [32m✓[39m packages/android/src/android.conformance.integration.test.ts [2m([22m[2m10 tests[22m[2m)[22m[33m 29271[2mms[22m[39m
   [33m[2m✓[22m[39m android adapter conformance (M5)[2m > [22m1: passes initialize/version/capability negotiation [33m3109[2mms[22m[39m
   [33m[2m✓[22m[39m android adapter conformance (M5)[2m > [22m2/3: lifecycle create + observe returns semantic UI tree [33m2848[2mms[22m[39m
   [33m[2m✓[22m[39m android adapter conformance (M5)[2m > [22m4: semantic traversal reaches the dashboard [33m2534[2mms[22m[39m
   [33m[2m✓[22m[39m android adapter conformance (M5)[2m > [22m5: application crash is a target-failure, not an adapter crash [33m5834[2mms[22m[39m
   [33m[2m✓[22m[39m android adapter conformance (M5)[2m > [22m6: automation miss is ACTION_FAILED, not a defect [33m3460[2mms[22m[39m
   [33m[2m✓[22m[39m android adapter conformance (M5)[2m > [22m7: reset returns to identical seeded state [33m3423[2mms[22m[39m
   [33m[2m✓[22m[39m android adapter conformance (M5)[2m > [22m8: create/reset with launchPackage (no seedApk) round-trips over the protocol [33m4089[2mms[22m[39m
   [33m[2m✓[22m[39m android adapter conformance (M5)[2m > [22m9: create with seedApk keeps the seeded install path working [33m3956[2mms[22m[39m
 [32m✓[39m packages/repair/src/repair.hardening.integration.test.ts [2m([22m[2m12 tests[22m[2m)[22m[33m 30393[2mms[22m[39m
   [33m[2m✓[22m[39m repair hardening[2m > [22mD1: hostile patch agent cannot escape the worktree through the engine [33m2344[2mms[22m[39m
   [33m[2m✓[22m[39m repair hardening[2m > [22mD3: mid-pipeline throw restores CONFIRMED and persists an audit record [33m1941[2mms[22m[39m
   [33m[2m✓[22m[39m repair hardening[2m > [22mD3: replay crash after patch is contained per attempt, not stranded in PATCHING [33m2506[2mms[22m[39m
   [33m[2m✓[22m[39m repair hardening[2m > [22mD3: pipeline-level failure persists an ERROR record and keeps the finding recoverable [33m1253[2mms[22m[39m
   [33m[2m✓[22m[39m repair hardening[2m > [22mD4: accepted patch and regression evidence survive dispose; worktree identity recorded [33m2557[2mms[22m[39m
   [33m[2m✓[22m[39m repair hardening[2m > [22mD6a: rejects patches that tamper with test files unless allow-listed [33m2758[2mms[22m[39m
   [33m[2m✓[22m[39m repair hardening[2m > [22mD6a: allow-listed test paths are still patchable [33m2473[2mms[22m[39m
   [33m[2m✓[22m[39m repair hardening[2m > [22mD6b: probe failing on the unpatched revision yields PROBE_INVALID, not blamed patches [33m1815[2mms[22m[39m
   [33m[2m✓[22m[39m repair hardening[2m > [22mD6c: agent returning no patch within budget yields NO_PATCH [33m1948[2mms[22m[39m
   [33m[2m✓[22m[39m repair hardening[2m > [22mD6c: empty-file patch counts as NO_PATCH too [33m2583[2mms[22m[39m
   [33m[2m✓[22m[39m repair hardening[2m > [22mD6d: regression scenario derives its expected oracle from the repair hints [33m6368[2mms[22m[39m
   [33m[2m✓[22m[39m repair hardening[2m > [22mD4: applyAcceptedPatch materializes the accepted patch into a target checkout on explicit request [33m1843[2mms[22m[39m
 [31m❯[39m packages/windows-adapter/src/windows.real-uia.integration.test.ts [2m([22m[2m2 tests[22m[2m | [22m[31m1 failed[39m[2m)[22m[33m 31701[2mms[22m[39m
[31m   [31m×[31m windows real UIA backend (integration)[2m > [22mlaunches Paint, attaches, reads the semantic tree, exercises invoke/value, closes cleanly[33m 18592[2mms[22m[31m[39m
[31m     → STALE_ELEMENT: attached window is gone[39m
   [33m[2m✓[22m[39m windows real UIA backend (integration)[2m > [22mwaitForWindow resolves on cold start and times out typed; tree throws DEAD_WINDOW after kill [33m13106[2mms[22m[39m
 [32m✓[39m packages/core/src/run-manager.integration.test.ts [2m([22m[2m5 tests[22m[2m)[22m[33m 19715[2mms[22m[39m
   [33m[2m✓[22m[39m core run manager (acceptance 1-5,7,8)[2m > [22m1: happy-path run persists exact ordered events [33m3992[2mms[22m[39m
   [33m[2m✓[22m[39m core run manager (acceptance 1-5,7,8)[2m > [22m5: budget exhaustion is deterministic [33m3647[2mms[22m[39m
   [33m[2m✓[22m[39m core run manager (acceptance 1-5,7,8)[2m > [22m3+7: unknown-outcome action is not blindly duplicated on restart; crash classified separately [33m9559[2mms[22m[39m
   [33m[2m✓[22m[39m core run manager (acceptance 1-5,7,8)[2m > [22m8: artifact hash/metadata round-trips [33m2418[2mms[22m[39m
 [32m✓[39m packages/scale/src/campaign.integration.test.ts [2m([22m[2m4 tests[22m[2m)[22m[33m 1152[2mms[22m[39m
   [33m[2m✓[22m[39m M8-proving multi-worker campaign (S0/S5/S8)[2m > [22mruns a bounded campaign across two isolated workers with clean shutdown [33m394[2mms[22m[39m
   [33m[2m✓[22m[39m M8-proving multi-worker campaign (S0/S5/S8)[2m > [22msurvives controller restart without duplicating completed work [33m345[2mms[22m[39m
   [33m[2m✓[22m[39m M8-proving multi-worker campaign (S0/S5/S8)[2m > [22mrestarts mid-queue between items without duplication or loss [33m386[2mms[22m[39m
 [32m✓[39m packages/adapter-fake/src/conformance.integration.test.ts [2m([22m[2m8 tests[22m[2m)[22m[33m 23717[2mms[22m[39m
   [33m[2m✓[22m[39m fake adapter conformance[2m > [22mnegotiates capabilities at protocol version 0.1 [33m1634[2mms[22m[39m
   [33m[2m✓[22m[39m fake adapter conformance[2m > [22mtransitions state through semantic actions and observes [33m2684[2mms[22m[39m
   [33m[2m✓[22m[39m fake adapter conformance[2m > [22msignals the deterministic failure oracle as target-failure [33m2090[2mms[22m[39m
   [33m[2m✓[22m[39m fake adapter conformance[2m > [22mresets the environment to the initial state [33m2422[2mms[22m[39m
   [33m[2m✓[22m[39m fake adapter conformance[2m > [22mcreates an artifact stub with a valid sha256 [33m3703[2mms[22m[39m
   [33m[2m✓[22m[39m fake adapter conformance[2m > [22mclassifies an injected adapter crash separately from target failure [33m4166[2mms[22m[39m
   [33m[2m✓[22m[39m fake adapter conformance[2m > [22mclassifies an injected timeout as deadline-exceeded [33m3932[2mms[22m[39m
   [33m[2m✓[22m[39m fake adapter conformance[2m > [22mresponds to health/heartbeat [33m3083[2mms[22m[39m
[90mstdout[2m | packages/scale/src/soak.integration.test.ts[2m > [22m[2mSOAK-J: unattended-campaign long-run churn[2m > [22m[2mSOAK-J1: 160 items / 4 workers survive 20+ restart injections with exactly-once work
[22m[39m[soak-j] J1 campaign churn: rss 84.4MB -> 91.1MB (growth 6.7MB), active resources 5 -> 6
[soak-j] J1 mid-run sample at cycle 21: rss 90.5MB, resources 6
[soak-j] J1 shape: 160 items x 2 steps, workerCount=4, cycles=38, restarts=37, realBodyRuns=186, staleInjections=26, workerFailures=19, charges=372, wallMs=31164

[90mstderr[2m | packages/scale/src/soak.integration.test.ts[2m > [22m[2mSOAK-J: unattended-campaign long-run churn[2m > [22m[2mSOAK-J1: 160 items / 4 workers survive 20+ restart injections with exactly-once work
[22m[39m[scale] item item-106 failed: injected worker crash for item-106
[scale] stale completion ignored: item=item-111 worker=worker-0
[scale] stale completion ignored: item=item-136 worker=worker-0
[scale] item item-146 failed: injected worker crash for item-146
[scale] stale completion ignored: item=item-146 worker=worker-1
[scale] item item-41 failed: injected worker crash for item-41
[scale] stale completion ignored: item=item-46 worker=worker-3
[scale] stale completion ignored: item=item-66 worker=worker-0
[scale] item item-76 failed: injected worker crash for item-76
[scale] stale completion ignored: item=item-76 worker=worker-0
[scale] item item-12 failed: injected worker crash for item-12
[scale] stale completion ignored: item=item-147 worker=worker-3
[scale] item item-17 failed: injected worker crash for item-17
[scale] stale completion ignored: item=item-27 worker=worker-1
[scale] stale completion ignored: item=item-52 worker=worker-1
[scale] item item-57 failed: injected worker crash for item-57
[scale] stale completion ignored: item=item-72 worker=worker-2
[scale] item item-92 failed: injected worker crash for item-92
[scale] stale completion ignored: item=item-103 worker=worker-0
[scale] stale completion ignored: item=item-128 worker=worker-0
[scale] item item-133 failed: injected worker crash for item-133
[scale] stale completion ignored: item=item-133 worker=worker-1
[scale] item item-28 failed: injected worker crash for item-28
[scale] stale completion ignored: item=item-3 worker=worker-3
[scale] stale completion ignored: item=item-53 worker=worker-0
[scale] item item-63 failed: injected worker crash for item-63
[scale] stale completion ignored: item=item-63 worker=worker-0
[scale] item item-104 failed: injected worker crash for item-104
[scale] stale completion ignored: item=item-134 worker=worker-3
[scale] item item-144 failed: injected worker crash for item-144
[scale] stale completion ignored: item=item-159 worker=worker-1
[scale] stale completion ignored: item=item-39 worker=worker-1
[scale] item item-4 failed: injected worker crash for item-4
[scale] stale completion ignored: item=item-59 worker=worker-2
[scale] item item-79 failed: injected worker crash for item-79
[scale] stale completion ignored: item=item-89 worker=worker-0
[scale] stale completion ignored: item=item-100 worker=worker-0
[scale] item item-110 failed: injected worker crash for item-110
[scale] stale completion ignored: item=item-110 worker=worker-1
[scale] item item-15 failed: injected worker crash for item-15
[scale] stale completion ignored: item=item-150 worker=worker-3
[scale] stale completion ignored: item=item-30 worker=worker-0
[scale] item item-40 failed: injected worker crash for item-40
[scale] stale completion ignored: item=item-40 worker=worker-0
[scale] item item-80 failed: injected worker crash for item-80

[90mstdout[2m | packages/scale/src/soak.integration.test.ts[2m > [22m[2mSOAK-J: unattended-campaign long-run churn[2m > [22m[2mSOAK-J2: budget exhaustion fails a durable tail and never overspends
[22m[39m[soak-j] J2 budget: completed=35 failedDurable=5 actions=140/140

[90mstdout[2m | packages/scale/src/soak.integration.test.ts[2m > [22m[2mSOAK-J: unattended-campaign long-run churn[2m > [22m[2mSOAK-J3: lease fencing storm — duplicate claims, expiry reclaims, stale writes rejected [json]
[22m[39m[soak-j] J3 fencing [json]: rounds=250, duplicateClaimsRejected=500, reclaims=250, staleCompletionsRejected=250, safeReleases=250

[90mstdout[2m | packages/scale/src/soak.integration.test.ts[2m > [22m[2mSOAK-J: unattended-campaign long-run churn[2m > [22m[2mSOAK-J3: lease fencing storm — duplicate claims, expiry reclaims, stale writes rejected [sqlite]
[22m[39m[soak-j] J3 fencing [sqlite]: rounds=250, duplicateClaimsRejected=500, reclaims=250, staleCompletionsRejected=250, safeReleases=250

[90mstdout[2m | packages/scale/src/soak.integration.test.ts[2m > [22m[2mSOAK-J: unattended-campaign long-run churn[2m > [22m[2mSOAK-J4: model-router fallback storm routes correctly under continuous provider failure
[22m[39m[soak-j] J4 router storm: fallbackIterations=3000, outageIterations=200, flapIterations=1000, hits={"prov-a":1167,"prov-b":1333,"prov-c":1500}

[90mstdout[2m | packages/scale/src/soak.integration.test.ts[2m > [22m[2mSOAK-J: unattended-campaign long-run churn[2m > [22m[2mSOAK-J5: repeated truncation quarantines corrupt state without silent resets
[22m[39m[soak-j] J5 quarantine: truncationCycles=24, quarantineFiles=24

 [32m✓[39m packages/scale/src/soak.integration.test.ts [2m([22m[2m6 tests[22m[2m)[22m[33m 59438[2mms[22m[39m
   [33m[2m✓[22m[39m SOAK-J: unattended-campaign long-run churn[2m > [22mSOAK-J1: 160 items / 4 workers survive 20+ restart injections with exactly-once work [33m31225[2mms[22m[39m
   [33m[2m✓[22m[39m SOAK-J: unattended-campaign long-run churn[2m > [22mSOAK-J2: budget exhaustion fails a durable tail and never overspends [33m4195[2mms[22m[39m
   [33m[2m✓[22m[39m SOAK-J: unattended-campaign long-run churn[2m > [22mSOAK-J3: lease fencing storm — duplicate claims, expiry reclaims, stale writes rejected [json] [33m19056[2mms[22m[39m
   [33m[2m✓[22m[39m SOAK-J: unattended-campaign long-run churn[2m > [22mSOAK-J3: lease fencing storm — duplicate claims, expiry reclaims, stale writes rejected [sqlite] [33m3932[2mms[22m[39m
   [33m[2m✓[22m[39m SOAK-J: unattended-campaign long-run churn[2m > [22mSOAK-J4: model-router fallback storm routes correctly under continuous provider failure [33m740[2mms[22m[39m
[90mstdout[2m | packages/scale/src/fleet.integration.test.ts[2m > [22m[2mFLEET: concurrent multi-target unattended campaign[2m > [22m[2mruns web/electron/cli/android/windows lanes concurrently under restarts, kills, fencing, fallback and budget chaos with zero duplicate effects
[22m[39m[fleet] web item web-1 done: stopped=action-budget actions=45 findings=1

 [32m✓[39m packages/cli-adapter/src/cli.conformance.integration.test.ts [2m([22m[2m2 tests[22m[2m)[22m[33m 10993[2mms[22m[39m
   [33m[2m✓[22m[39m cli adapter conformance (M6 C1)[2m > [22mpasses the common conformance contract [33m9018[2mms[22m[39m
   [33m[2m✓[22m[39m cli adapter conformance (M6 C1)[2m > [22mcounter overflow defect aborts the process at the boundary [33m1973[2mms[22m[39m
[90mstdout[2m | packages/scale/src/fleet.integration.test.ts[2m > [22m[2mFLEET: concurrent multi-target unattended campaign[2m > [22m[2mruns web/electron/cli/android/windows lanes concurrently under restarts, kills, fencing, fallback and budget chaos with zero duplicate effects
[22m[39m[fleet] web item web-3 done: stopped=action-budget actions=45 findings=1

 [32m✓[39m packages/cli-adapter/src/pty-exit-wedge.integration.test.ts [2m([22m[2m2 tests[22m[2m)[22m[33m 24667[2mms[22m[39m
   [33m[2m✓[22m[39m NodePtyBackend host-exit wedge regression[2m > [22msurvives N=5 external-kill + close cycles in-process [33m12920[2mms[22m[39m
   [33m[2m✓[22m[39m NodePtyBackend host-exit wedge regression[2m > [22mlets a host process that spawned/killed/closed sessions exit cleanly [33m11745[2mms[22m[39m
 [32m✓[39m packages/explore/src/web.generic-dom.integration.test.ts [2m([22m[2m2 tests[22m[2m)[22m[33m 72516[2mms[22m[39m
   [33m[2m✓[22m[39m exploration over generic external DOM[2m > [22minteracts (fill/click/press) on a React-like id-less form app and visits >=5 states [33m24129[2mms[22m[39m
   [33m[2m✓[22m[39m exploration over generic external DOM[2m > [22mstill interacts on Backbone-style id-bearing markup [33m48383[2mms[22m[39m
 [32m✓[39m packages/explore/src/web-replay.target-url.integration.test.ts [2m([22m[2m2 tests[22m[2m)[22m[33m 50825[2mms[22m[39m
   [33m[2m✓[22m[39m WebReplayDriver external targetUrl[2m > [22mreproduces the external app's crash when targetUrl is set [33m19350[2mms[22m[39m
   [33m[2m✓[22m[39m WebReplayDriver external targetUrl[2m > [22mdoes NOT reproduce against the seeded app without targetUrl (no false positive) [33m31473[2mms[22m[39m
 [32m✓[39m packages/adapter-web/src/web.conformance.integration.test.ts [2m([22m[2m7 tests[22m[2m)[22m[33m 83136[2mms[22m[39m
   [33m[2m✓[22m[39m web adapter conformance (M1)[2m > [22m1: passes initialize/version/capability negotiation [33m4036[2mms[22m[39m
   [33m[2m✓[22m[39m web adapter conformance (M1)[2m > [22m2/3: lifecycle create + observe returns url/title/semantic tree [33m10867[2mms[22m[39m
   [33m[2m✓[22m[39m web adapter conformance (M1)[2m > [22m4: semantic traversal reaches the dashboard with correlated artifacts [33m10597[2mms[22m[39m
   [33m[2m✓[22m[39m web adapter conformance (M1)[2m > [22m5: forbidden origin navigation is rejected [33m10701[2mms[22m[39m
   [33m[2m✓[22m[39m web adapter conformance (M1)[2m > [22m6: page/application crash is a target-failure, not an adapter crash [33m9175[2mms[22m[39m
   [33m[2m✓[22m[39m web adapter conformance (M1)[2m > [22m3: reset returns to identical seeded state [33m21521[2mms[22m[39m
   [33m[2m✓[22m[39m web adapter conformance (M1)[2m > [22m6: injected adapter (browser) crash is classified separately [33m16237[2mms[22m[39m
 [32m✓[39m packages/cli-adapter/src/node-pty-backend.integration.test.ts [2m([22m[2m2 tests[22m[2m)[22m[33m 1686[2mms[22m[39m
   [33m[2m✓[22m[39m NodePtyBackend (real PTY)[2m > [22mspawns a real process and round-trips write/readScreen/isAlive/kill [33m1665[2mms[22m[39m
 [32m✓[39m packages/windows-adapter/src/windows.conformance.integration.test.ts [2m([22m[2m2 tests[22m[2m)[22m[33m 6467[2mms[22m[39m
   [33m[2m✓[22m[39m windows adapter conformance (M6 C3)[2m > [22mpasses the common conformance contract [33m4937[2mms[22m[39m
   [33m[2m✓[22m[39m windows adapter conformance (M6 C3)[2m > [22mcounter overflow defect surfaces through the UIA boundary [33m1528[2mms[22m[39m
 [32m✓[39m packages/core/src/run-manager.create-options.integration.test.ts [2m([22m[2m2 tests[22m[2m)[22m[33m 574[2mms[22m[39m
   [33m[2m✓[22m[39m startRun createOptions forwarding[2m > [22mforwards createOptions as lifecycle-create options [33m331[2mms[22m[39m
 [31m❯[39m packages/adapter-web/src/web.window-classification.integration.test.ts [2m([22m[2m2 tests[22m[2m | [22m[31m1 failed[39m[2m)[22m[33m 17174[2mms[22m[39m
[31m   [31m×[31m web hardening: pageerror action-window attribution[2m > [22mK1: pageerror arriving DURING a failing action classifies TARGET_FAILURE[33m 8205[2mms[22m[31m[39m
[31m     → expected 'ACTION_FAILED' to be 'TARGET_FAILURE' // Object.is equality[39m
   [33m[2m✓[22m[39m web hardening: pageerror action-window attribution[2m > [22mK2: a pageerror from BEFORE the action window stays ACTION_FAILED [33m8967[2mms[22m[39m
 [32m✓[39m packages/adapter-web/src/web.hardening.integration.test.ts [2m([22m[2m16 tests[22m[2m)[22m[33m 126598[2mms[22m[39m
   [33m[2m✓[22m[39m web hardening: create/cleanup cluster (D2)[2m > [22ma second create replaces the prior instance without leaking it [33m12039[2mms[22m[39m
   [33m[2m✓[22m[39m web hardening: create/cleanup cluster (D2)[2m > [22mtraces are stored under the run's artifact dir and leave nothing in the os tmpdir [33m10043[2mms[22m[39m
   [33m[2m✓[22m[39m web hardening: create/cleanup cluster (D2)[2m > [22mreset reports storage-clear failure honestly instead of ok:true [33m8570[2mms[22m[39m
   [33m[2m✓[22m[39m web hardening: late-throw classification (D3)[2m > [22mclassifies an uncaught throw arriving within the configured settle window [33m7983[2mms[22m[39m
   [33m[2m✓[22m[39m web hardening: late-throw classification (D3)[2m > [22mdocuments the residual race: throws well beyond the default settle window are missed [33m11065[2mms[22m[39m
   [33m[2m✓[22m[39m web hardening: late-throw classification (D3)[2m > [22man action-time Playwright timeout with a concurrent pageerror classifies TARGET_FAILURE [33m13571[2mms[22m[39m
   [33m[2m✓[22m[39m web hardening: secret redaction (D7)[2m > [22mmasks password-field values and sensitive storage keys in observations [33m10794[2mms[22m[39m
   [33m[2m✓[22m[39m web hardening: secret redaction (D7)[2m > [22mredacts credentials and sensitive query params in console and network captures [33m3514[2mms[22m[39m
   [33m[2m✓[22m[39m web hardening: attribution threading (D8)[2m > [22mthreads real run/environment ids from lifecycle options into observations [33m3690[2mms[22m[39m
   [33m[2m✓[22m[39m web torture (seeded-server only)[2m > [22mempty page observes cleanly and missing-element clicks are automation misses [33m13144[2mms[22m[39m
   [33m[2m✓[22m[39m web torture (seeded-server only)[2m > [22ma huge accessibility tree (1200 controls) observes without choking [33m5511[2mms[22m[39m
   [33m[2m✓[22m[39m web torture (seeded-server only)[2m > [22mconsole storms are captured and drained per observation [33m8499[2mms[22m[39m
   [33m[2m✓[22m[39m web torture (seeded-server only)[2m > [22mstale/detached DOM during act resolves without crashing the adapter [33m4295[2mms[22m[39m
   [33m[2m✓[22m[39m web torture (seeded-server only)[2m > [22mnavigation triggered during an action resolves within the deadline [33m3938[2mms[22m[39m
   [33m[2m✓[22m[39m web torture (seeded-server only)[2m > [22mnetwork 5xx/delayed/aborted responses are observed and never crash the adapter [33m8663[2mms[22m[39m
   [33m[2m✓[22m[39m web torture (seeded-server only)[2m > [22mredirect loops fail the navigate action instead of hanging [33m1272[2mms[22m[39m
 [32m✓[39m packages/android/src/android.real-backend.integration.test.ts [2m([22m[2m2 tests[22m[2m)[22m[33m 127436[2mms[22m[39m
   [33m[2m✓[22m[39m android real ADB backend[2m > [22macquires a live device (pre-existing or freshly booted AVD) [33m91898[2mms[22m[39m
   [33m[2m✓[22m[39m android real ADB backend[2m > [22mexercises com.android.settings end to end [33m32568[2mms[22m[39m
[90mstdout[2m | packages/artifact-store/src/soak.integration.test.ts[2m > [22m[2mSOAK-J: artifact-store long-run churn[2m > [22m[2mSOAK-J6: thousands of write/read/meta cycles dedup exactly and leave zero tmp litter
[22m[39m[soak-j] J6 artifacts: writeOps=5000 readOps=2500 tamperCycles=25 -> physicalFiles=1707 (dedup 2.93x), uniquePairs=40, bytes=3799296, wallMs=103804
[soak-j] J6 resources: rss 74.4MB -> 85.9MB (growth 11.5MB), active resources 3 -> 3

 [32m✓[39m packages/artifact-store/src/soak.integration.test.ts [2m([22m[2m1 test[22m[2m)[22m[33m 104540[2mms[22m[39m
   [33m[2m✓[22m[39m SOAK-J: artifact-store long-run churn[2m > [22mSOAK-J6: thousands of write/read/meta cycles dedup exactly and leave zero tmp litter [33m103818[2mms[22m[39m
[90mstdout[2m | packages/scale/src/fleet.integration.test.ts[2m > [22m[2mFLEET: concurrent multi-target unattended campaign[2m > [22m[2mruns web/electron/cli/android/windows lanes concurrently under restarts, kills, fencing, fallback and budget chaos with zero duplicate effects
[22m[39m[fleet] web item web-2 done: stopped=action-budget actions=45 findings=1

[90mstdout[2m | packages/scale/src/fleet.integration.test.ts[2m > [22m[2mFLEET: concurrent multi-target unattended campaign[2m > [22m[2mruns web/electron/cli/android/windows lanes concurrently under restarts, kills, fencing, fallback and budget chaos with zero duplicate effects
[22m[39m[fleet] life 4 ended (drained); queue=0
[fleet] audit(final): fleet/leases/ledger/telemetry parse clean
[fleet] state: executions=12 failures=3 terminal=["win-tail-a","win-tail-b"] stale=1 restarts=3 findings=5 rotations=13
[fleet] findings: android/CONFIRMED/PAGE_ERROR, android/CONFIRMED/PAGE_ERROR, web/CONFIRMED/PAGE_ERROR, web/CONFIRMED/PAGE_ERROR, web/CONFIRMED/PAGE_ERROR
[fleet] web hygiene target: non-boom finding find_1d671b66233a455cbdfbd8b1287707a4 token="HiddenValidationCrash"

[90mstdout[2m | packages/scale/src/fleet.integration.test.ts[2m > [22m[2mFLEET: concurrent multi-target unattended campaign[2m > [22m[2mruns web/electron/cli/android/windows lanes concurrently under restarts, kills, fencing, fallback and budget chaos with zero duplicate effects
[22m[39m[fleet] resources: rss 137.5MB -> 139.1MB (growth 1.7MB), handles 5 -> 5, tempRoots 1 -> 1, wallMs=136297
[fleet] tracked subprocesses: 95772(web:web-1:a1), 123136(web:web-2:a1), 125624(web:web-3:a1), 96412(electron:elec-1), 100508(web:web-2:a2)
[fleet] SUMMARY effects=35 duplicates=0 stale=1 restarts=3 killPid=123136 escalations=1 fallbacks=2 actions=53/56 wallMs=136297

 [32m✓[39m packages/scale/src/fleet.integration.test.ts [2m([22m[2m1 test[22m[2m)[22m[33m 137403[2mms[22m[39m
   [33m[2m✓[22m[39m FLEET: concurrent multi-target unattended campaign[2m > [22mruns web/electron/cli/android/windows lanes concurrently under restarts, kills, fencing, fallback and budget chaos with zero duplicate effects [33m137355[2mms[22m[39m
 [32m✓[39m packages/electron-adapter/src/electron.conformance.integration.test.ts [2m([22m[2m2 tests[22m[2m)[22m[33m 21913[2mms[22m[39m
   [33m[2m✓[22m[39m electron adapter conformance (M6 C2)[2m > [22mreports electron identity while reusing browser semantics [33m4064[2mms[22m[39m
   [33m[2m✓[22m[39m electron adapter conformance (M6 C2)[2m > [22mpasses the common conformance contract [33m17847[2mms[22m[39m
 [32m✓[39m packages/repair/src/repair.e2e.integration.test.ts [2m([22m[2m3 tests[22m[2m)[22m[33m 143652[2mms[22m[39m
   [33m[2m✓[22m[39m M4 autonomous repair[2m > [22mrepairs a confirmed seeded defect end-to-end in an isolated worktree [33m54976[2mms[22m[39m
   [33m[2m✓[22m[39m M4 autonomous repair[2m > [22mrejects and rolls back a bad patch, preserving the audit trail [33m87901[2mms[22m[39m
   [33m[2m✓[22m[39m M4 autonomous repair[2m > [22mpolicy-blocks weak-suspicion findings from entering repair [33m773[2mms[22m[39m
 [32m✓[39m packages/cli/src/cli.integration.test.ts [2m([22m[2m14 tests[22m[2m)[22m[33m 149721[2mms[22m[39m
   [33m[2m✓[22m[39m cli[2m > [22mdoctor passes on a clean checkout [33m7889[2mms[22m[39m
   [33m[2m✓[22m[39m cli[2m > [22mdoctor reports structured probes with remediation hints [33m9718[2mms[22m[39m
   [33m[2m✓[22m[39m cli[2m > [22mrejects unknown flags with a named error on stderr [33m8500[2mms[22m[39m
   [33m[2m✓[22m[39m cli[2m > [22mprints the version from the root package.json [33m10234[2mms[22m[39m
   [33m[2m✓[22m[39m cli[2m > [22mprints general and per-command help [33m10390[2mms[22m[39m
   [33m[2m✓[22m[39m cli[2m > [22mruns a non-interactive fake demonstration and records the run [33m20318[2mms[22m[39m
   [33m[2m✓[22m[39m cli[2m > [22msays 'no runs recorded' instead of printing nothing [33m5811[2mms[22m[39m
   [33m[2m✓[22m[39m cli[2m > [22mcreates a durable workspace directory [33m12045[2mms[22m[39m
   [33m[2m✓[22m[39m cli[2m > [22mlists and shows seeded findings [33m23742[2mms[22m[39m
   [33m[2m✓[22m[39m cli[2m > [22mhunts autonomously against the fake adapter end-to-end [33m14329[2mms[22m[39m
   [33m[2m✓[22m[39m cli[2m > [22mrefuses to resume a closed run and resumes an interrupted one [33m15120[2mms[22m[39m
   [33m[2m✓[22m[39m cli[2m > [22mresolves $INSPECTOR_WORKSPACE when --workspace is absent [33m1852[2mms[22m[39m
   [33m[2m✓[22m[39m cli[2m > [22mwarns on stderr when the resolved workspace is a repository root [33m3509[2mms[22m[39m
   [33m[2m✓[22m[39m cli[2m > [22mkeeps two concurrent hunts in two workspaces fully isolated [33m6262[2mms[22m[39m
 [32m✓[39m packages/repair/src/dogfood.integration.test.ts [2m([22m[2m6 tests[22m[2m)[22m[33m 306371[2mms[22m[39m
   [33m[2m✓[22m[39m HARDENING_1 final dogfood: Inspector repairs its own seeded defect end-to-end[2m > [22mSTEP 1 explores the seeded web app autonomously and processes discovered anomalies [33m173619[2mms[22m[39m
   [33m[2m✓[22m[39m HARDENING_1 final dogfood: Inspector repairs its own seeded defect end-to-end[2m > [22mSTEP 3a rejects a masking patch that deletes the crashing control, and falls back to CONFIRMED [33m30349[2mms[22m[39m
   [33m[2m✓[22m[39m HARDENING_1 final dogfood: Inspector repairs its own seeded defect end-to-end[2m > [22mSTEP 3b accepts a valid patch with regression-first proof and durable audit [33m29263[2mms[22m[39m
   [33m[2m✓[22m[39m HARDENING_1 final dogfood: Inspector repairs its own seeded defect end-to-end[2m > [22mSTEP 4 applies the accepted patch to a fixture checkout and replays the original defect clean [33m12094[2mms[22m[39m
   [33m[2m✓[22m[39m HARDENING_1 final dogfood: Inspector repairs its own seeded defect end-to-end[2m > [22mSTEP 5 runs two more independent pipelines concurrently on different seeded defects without cross-contamination [33m61040[2mms[22m[39m
 [32m✓[39m packages/explore/src/web.explore.integration.test.ts [2m([22m[2m2 tests[22m[2m)[22m[33m 261858[2mms[22m[39m
   [33m[2m✓[22m[39m M3 autonomous web exploration[2m > [22mdiscovers multiple hidden seeded defects with reproducible evidence [33m187145[2mms[22m[39m
   [33m[2m✓[22m[39m M3 autonomous web exploration[2m > [22mis deterministic for a given seed [33m74711[2mms[22m[39m

[31m⎯⎯⎯⎯⎯⎯⎯[1m[7m Failed Tests 2 [27m[22m⎯⎯⎯⎯⎯⎯⎯[39m

[31m[1m[7m FAIL [27m[22m[39m packages/adapter-web/src/web.window-classification.integration.test.ts[2m > [22mweb hardening: pageerror action-window attribution[2m > [22mK1: pageerror arriving DURING a failing action classifies TARGET_FAILURE
[31m[1mAssertionError[22m: expected 'ACTION_FAILED' to be 'TARGET_FAILURE' // Object.is equality[39m

Expected: [32m"[7mTARGET[27m_FAIL[7mUR[27mE"[39m
Received: [31m"[7mACTION[27m_FAILE[7mD[27m"[39m

[36m [2m❯[22m packages/adapter-web/src/web.window-classification.integration.test.ts:[2m63:33[22m[39m
    [90m 61| [39m
    [90m 62| [39m    [34mexpect[39m(outcome[33m.[39mstatus)[33m.[39m[34mtoBe[39m([32m"target-failure"[39m)[33m;[39m
    [90m 63| [39m    [34mexpect[39m(outcome[33m.[39merror[33m?.[39mcode)[33m.[39m[34mtoBe[39m([32m"TARGET_FAILURE"[39m)[33m;[39m
    [90m   | [39m                                [31m^[39m
    [90m 64| [39m    [34mexpect[39m(outcome[33m.[39merror[33m?.[39mmessage)[33m.[39m[34mtoContain[39m([32m"ConcurrentCrash"[39m)[33m;[39m
    [90m 65| [39m  }[33m,[39m [34m20000[39m)[33m;[39m

[31m[2m⎯⎯⎯⎯⎯⎯⎯⎯⎯⎯⎯⎯⎯⎯⎯⎯⎯⎯⎯⎯⎯⎯⎯⎯[1/2]⎯[22m[39m

[31m[1m[7m FAIL [27m[22m[39m packages/windows-adapter/src/windows.real-uia.integration.test.ts[2m > [22mwindows real UIA backend (integration)[2m > [22mlaunches Paint, attaches, reads the semantic tree, exercises invoke/value, closes cleanly
[31m[1mError[22m: STALE_ELEMENT: attached window is gone[39m
[36m [2m❯[22m PowerShellUiaBridge.onMessage packages/windows-adapter/src/uia-bridge.ts:[2m381:20[22m[39m
    [90m379| [39m      entry[33m.[39m[34mresolve[39m(msg[33m.[39mresult)[33m;[39m
    [90m380| [39m    } [35melse[39m {
    [90m381| [39m      entry[33m.[39m[34mreject[39m([35mnew[39m [33mError[39m([33mString[39m(msg[33m.[39merror [33m??[39m [32m"unknown bridge error[39m…
    [90m   | [39m                   [31m^[39m
    [90m382| [39m    }
    [90m383| [39m  }
[90m [2m❯[22m PowerShellUiaBridge.onData packages/windows-adapter/src/uia-bridge.ts:[2m361:12[22m[39m
[90m [2m❯[22m Socket.<anonymous> packages/windows-adapter/src/uia-bridge.ts:[2m343:54[22m[39m

[31m[2m⎯⎯⎯⎯⎯⎯⎯⎯⎯⎯⎯⎯⎯⎯⎯⎯⎯⎯⎯⎯⎯⎯⎯⎯[2/2]⎯[22m[39m

[2m Test Files [22m [1m[31m2 failed[39m[22m[2m | [22m[1m[32m25 passed[39m[22m[90m (27)[39m
[2m      Tests [22m [1m[31m2 failed[39m[22m[2m | [22m[1m[32m130 passed[39m[22m[90m (132)[39m
[2m   Start at [22m 13:07:15
[2m   Duration [22m 364.59s[2m (transform 5.72s, setup 0ms, collect 31.69s, tests 1854.25s, environment 10ms, prepare 9.79s)[22m

 ELIFECYCLE  Command failed with exit code 1.
