=== FINAL WAVE B INTEGRATION 2026-08-21T22:14:25+08:00 HEAD=8df01898fd569cbc7d6b866d5330f19a7608a587 ===

> inspector@0.1.0 test:integration C:\Users\Michael Roy\Documents\Inspector
> vitest run --passWithNoTests --config vitest.integration.config.ts

[33mThe CJS build of Vite's Node API is deprecated. See https://vite.dev/guide/troubleshooting.html#vite-cjs-node-api-deprecated for more details.[39m

 RUN  v2.1.9 C:/Users/Michael Roy/Documents/Inspector

 ✓ packages/store-sqlite/src/store.integration.test.ts (12 tests) 298ms
stdout | packages/store-sqlite/src/soak.integration.test.ts > SOAK-J: sqlite durable-store long-run churn > SOAK-J7: thousands of commits survive repeated reopen cycles with exact row accounting
[soak-j] J7 db: cycles=40 reopenCycles=40 steps=3200 dbBytes=2899968 (2832KiB, 906 bytes/step), wallMs=4859
[soak-j] J7 resources: rss 72.7MB -> 86.1MB (growth 13.4MB), active resources 3 -> 4

 ✓ packages/store-sqlite/src/soak.integration.test.ts (1 test) 4958ms
   ✓ SOAK-J: sqlite durable-store long-run churn > SOAK-J7: thousands of commits survive repeated reopen cycles with exact row accounting 4908ms
 ✓ packages/core/src/run-manager.integration.test.ts (5 tests) 11580ms
   ✓ core run manager (acceptance 1-5,7,8) > 1: happy-path run persists exact ordered events 2109ms
   ✓ core run manager (acceptance 1-5,7,8) > 5: budget exhaustion is deterministic 1841ms
   ✓ core run manager (acceptance 1-5,7,8) > 3+7: unknown-outcome action is not blindly duplicated on restart; crash classified separately 5432ms
   ✓ core run manager (acceptance 1-5,7,8) > 8: artifact hash/metadata round-trips 2171ms
 ✓ packages/scale/src/campaign.integration.test.ts (4 tests) 1372ms
   ✓ M8-proving multi-worker campaign (S0/S5/S8) > runs a bounded campaign across two isolated workers with clean shutdown 409ms
   ✓ M8-proving multi-worker campaign (S0/S5/S8) > survives controller restart without duplicating completed work 445ms
   ✓ M8-proving multi-worker campaign (S0/S5/S8) > restarts mid-queue between items without duplication or loss 489ms
stdout | packages/scale/src/fleet.integration.test.ts > FLEET: concurrent multi-target unattended campaign > runs web/electron/cli/android/windows lanes concurrently under restarts, kills, fencing, fallback and budget chaos with zero duplicate effects
[fleet] life 1 ended (stopped); queue=3
[fleet] audit(after-life-1): fleet/leases/ledger/telemetry parse clean
[fleet] life 2 ended (stopped); queue=3
[fleet] audit(after-life-2): fleet/leases/ledger/telemetry parse clean
[fleet] life 3 ended (stopped); queue=3
[fleet] audit(after-life-3): fleet/leases/ledger/telemetry parse clean

 ✓ packages/repair/src/repair.hardening.integration.test.ts (12 tests) 20621ms
   ✓ repair hardening > D1: hostile patch agent cannot escape the worktree through the engine 1648ms
   ✓ repair hardening > D3: mid-pipeline throw restores CONFIRMED and persists an audit record 1607ms
   ✓ repair hardening > D3: replay crash after patch is contained per attempt, not stranded in PATCHING 1799ms
   ✓ repair hardening > D3: pipeline-level failure persists an ERROR record and keeps the finding recoverable 1503ms
   ✓ repair hardening > D4: accepted patch and regression evidence survive dispose; worktree identity recorded 1846ms
   ✓ repair hardening > D6a: rejects patches that tamper with test files unless allow-listed 1646ms
   ✓ repair hardening > D6a: allow-listed test paths are still patchable 1211ms
   ✓ repair hardening > D6b: probe failing on the unpatched revision yields PROBE_INVALID, not blamed patches 1348ms
   ✓ repair hardening > D6c: agent returning no patch within budget yields NO_PATCH 1462ms
   ✓ repair hardening > D6c: empty-file patch counts as NO_PATCH too 1347ms
   ✓ repair hardening > D6d: regression scenario derives its expected oracle from the repair hints 3467ms
   ✓ repair hardening > D4: applyAcceptedPatch materializes the accepted patch into a target checkout on explicit request 1736ms
 ✓ packages/android/src/android.conformance.integration.test.ts (8 tests) 17263ms
   ✓ android adapter conformance (M5) > 1: passes initialize/version/capability negotiation 3464ms
   ✓ android adapter conformance (M5) > 2/3: lifecycle create + observe returns semantic UI tree 2264ms
   ✓ android adapter conformance (M5) > 4: semantic traversal reaches the dashboard 2288ms
   ✓ android adapter conformance (M5) > 5: application crash is a target-failure, not an adapter crash 4817ms
   ✓ android adapter conformance (M5) > 6: automation miss is ACTION_FAILED, not a defect 2119ms
   ✓ android adapter conformance (M5) > 7: reset returns to identical seeded state 2296ms
 ✓ packages/windows-adapter/src/windows.real-uia.integration.test.ts (1 test) 11419ms
   ✓ windows real UIA backend (integration) > launches Paint, attaches, reads the semantic tree, exercises invoke/value, closes cleanly 11415ms
 ✓ packages/adapter-fake/src/conformance.integration.test.ts (8 tests) 18750ms
   ✓ fake adapter conformance > negotiates capabilities at protocol version 0.1 1945ms
   ✓ fake adapter conformance > transitions state through semantic actions and observes 2381ms
   ✓ fake adapter conformance > signals the deterministic failure oracle as target-failure 1998ms
   ✓ fake adapter conformance > resets the environment to the initial state 2258ms
   ✓ fake adapter conformance > creates an artifact stub with a valid sha256 2335ms
   ✓ fake adapter conformance > classifies an injected adapter crash separately from target failure 2067ms
   ✓ fake adapter conformance > classifies an injected timeout as deadline-exceeded 3041ms
   ✓ fake adapter conformance > responds to health/heartbeat 2721ms
 ✓ packages/cli-adapter/src/cli.conformance.integration.test.ts (2 tests) 9907ms
   ✓ cli adapter conformance (M6 C1) > passes the common conformance contract 7029ms
   ✓ cli adapter conformance (M6 C1) > counter overflow defect aborts the process at the boundary 2874ms
stdout | packages/scale/src/soak.integration.test.ts > SOAK-J: unattended-campaign long-run churn > SOAK-J1: 160 items / 4 workers survive 20+ restart injections with exactly-once work
[soak-j] J1 campaign churn: rss 82.1MB -> 105.3MB (growth 23.1MB), active resources 5 -> 6
[soak-j] J1 mid-run sample at cycle 21: rss 88.5MB, resources 6
[soak-j] J1 shape: 160 items x 2 steps, workerCount=4, cycles=38, restarts=37, realBodyRuns=186, staleInjections=26, workerFailures=19, charges=372, wallMs=22383

stderr | packages/scale/src/soak.integration.test.ts > SOAK-J: unattended-campaign long-run churn > SOAK-J1: 160 items / 4 workers survive 20+ restart injections with exactly-once work
[scale] item item-106 failed: injected worker crash for item-106
[scale] stale completion ignored: item=item-111 worker=worker-0
[scale] stale completion ignored: item=item-136 worker=worker-0
[scale] item item-146 failed: injected worker crash for item-146
[scale] stale completion ignored: item=item-146 worker=worker-1
[scale] item item-41 failed: injected worker crash for item-41
[scale] stale completion ignored: item=item-46 worker=worker-3
[scale] stale completion ignored: item=item-66 worker=worker-0
[scale] item item-76 failed: injected worker crash for item-76
[scale] stale completion ignored: item=item-76 worker=worker-0
[scale] item item-12 failed: injected worker crash for item-12
[scale] stale completion ignored: item=item-147 worker=worker-3
[scale] item item-17 failed: injected worker crash for item-17
[scale] stale completion ignored: item=item-27 worker=worker-1
[scale] stale completion ignored: item=item-52 worker=worker-1
[scale] item item-57 failed: injected worker crash for item-57
[scale] stale completion ignored: item=item-72 worker=worker-2
[scale] item item-92 failed: injected worker crash for item-92
[scale] stale completion ignored: item=item-103 worker=worker-0
[scale] stale completion ignored: item=item-128 worker=worker-0
[scale] item item-133 failed: injected worker crash for item-133
[scale] stale completion ignored: item=item-133 worker=worker-1
[scale] item item-28 failed: injected worker crash for item-28
[scale] stale completion ignored: item=item-3 worker=worker-3
[scale] stale completion ignored: item=item-53 worker=worker-0
[scale] item item-63 failed: injected worker crash for item-63
[scale] stale completion ignored: item=item-63 worker=worker-0
[scale] item item-104 failed: injected worker crash for item-104
[scale] stale completion ignored: item=item-134 worker=worker-3
[scale] item item-144 failed: injected worker crash for item-144
[scale] stale completion ignored: item=item-159 worker=worker-1
[scale] stale completion ignored: item=item-39 worker=worker-1
[scale] item item-4 failed: injected worker crash for item-4
[scale] stale completion ignored: item=item-59 worker=worker-2
[scale] item item-79 failed: injected worker crash for item-79
[scale] stale completion ignored: item=item-89 worker=worker-0
[scale] stale completion ignored: item=item-100 worker=worker-0
[scale] item item-110 failed: injected worker crash for item-110
[scale] stale completion ignored: item=item-110 worker=worker-1
[scale] item item-15 failed: injected worker crash for item-15
[scale] stale completion ignored: item=item-150 worker=worker-3
[scale] stale completion ignored: item=item-30 worker=worker-0
[scale] item item-40 failed: injected worker crash for item-40
[scale] stale completion ignored: item=item-40 worker=worker-0
[scale] item item-80 failed: injected worker crash for item-80

stdout | packages/scale/src/soak.integration.test.ts > SOAK-J: unattended-campaign long-run churn > SOAK-J2: budget exhaustion fails a durable tail and never overspends
[soak-j] J2 budget: completed=35 failedDurable=5 actions=140/140

stdout | packages/scale/src/soak.integration.test.ts > SOAK-J: unattended-campaign long-run churn > SOAK-J3: lease fencing storm — duplicate claims, expiry reclaims, stale writes rejected [json]
[soak-j] J3 fencing [json]: rounds=250, duplicateClaimsRejected=500, reclaims=250, staleCompletionsRejected=250, safeReleases=250

stdout | packages/scale/src/soak.integration.test.ts > SOAK-J: unattended-campaign long-run churn > SOAK-J3: lease fencing storm — duplicate claims, expiry reclaims, stale writes rejected [sqlite]
[soak-j] J3 fencing [sqlite]: rounds=250, duplicateClaimsRejected=500, reclaims=250, staleCompletionsRejected=250, safeReleases=250

stdout | packages/scale/src/soak.integration.test.ts > SOAK-J: unattended-campaign long-run churn > SOAK-J4: model-router fallback storm routes correctly under continuous provider failure
[soak-j] J4 router storm: fallbackIterations=3000, outageIterations=200, flapIterations=1000, hits={"prov-a":1167,"prov-b":1333,"prov-c":1500}

stdout | packages/scale/src/soak.integration.test.ts > SOAK-J: unattended-campaign long-run churn > SOAK-J5: repeated truncation quarantines corrupt state without silent resets
[soak-j] J5 quarantine: truncationCycles=24, quarantineFiles=24

 ✓ packages/scale/src/soak.integration.test.ts (6 tests) 50159ms
   ✓ SOAK-J: unattended-campaign long-run churn > SOAK-J1: 160 items / 4 workers survive 20+ restart injections with exactly-once work 22403ms
   ✓ SOAK-J: unattended-campaign long-run churn > SOAK-J2: budget exhaustion fails a durable tail and never overspends 3035ms
   ✓ SOAK-J: unattended-campaign long-run churn > SOAK-J3: lease fencing storm — duplicate claims, expiry reclaims, stale writes rejected [json] 20487ms
   ✓ SOAK-J: unattended-campaign long-run churn > SOAK-J3: lease fencing storm — duplicate claims, expiry reclaims, stale writes rejected [sqlite] 2937ms
   ✓ SOAK-J: unattended-campaign long-run churn > SOAK-J4: model-router fallback storm routes correctly under continuous provider failure 895ms
   ✓ SOAK-J: unattended-campaign long-run churn > SOAK-J5: repeated truncation quarantines corrupt state without silent resets 332ms
stdout | packages/scale/src/fleet.integration.test.ts > FLEET: concurrent multi-target unattended campaign > runs web/electron/cli/android/windows lanes concurrently under restarts, kills, fencing, fallback and budget chaos with zero duplicate effects
[fleet] web item web-3 done: stopped=action-budget actions=45 findings=1

 ✓ packages/adapter-web/src/web.window-classification.integration.test.ts (2 tests) 18100ms
   ✓ web hardening: pageerror action-window attribution > K1: pageerror arriving DURING a failing action classifies TARGET_FAILURE 9537ms
   ✓ web hardening: pageerror action-window attribution > K2: a pageerror from BEFORE the action window stays ACTION_FAILED 8560ms
stdout | packages/artifact-store/src/soak.integration.test.ts > SOAK-J: artifact-store long-run churn > SOAK-J6: thousands of write/read/meta cycles dedup exactly and leave zero tmp litter
[soak-j] J6 artifacts: writeOps=5000 readOps=2500 tamperCycles=25 -> physicalFiles=1707 (dedup 2.93x), uniquePairs=40, bytes=3799296, wallMs=70425
[soak-j] J6 resources: rss 73.6MB -> 84.4MB (growth 10.8MB), active resources 3 -> 3

 ✓ packages/artifact-store/src/soak.integration.test.ts (1 test) 71521ms
   ✓ SOAK-J: artifact-store long-run churn > SOAK-J6: thousands of write/read/meta cycles dedup exactly and leave zero tmp litter 70438ms
stdout | packages/scale/src/fleet.integration.test.ts > FLEET: concurrent multi-target unattended campaign > runs web/electron/cli/android/windows lanes concurrently under restarts, kills, fencing, fallback and budget chaos with zero duplicate effects
[fleet] web item web-1 done: stopped=action-budget actions=45 findings=1

 ✓ packages/cli-adapter/src/node-pty-backend.integration.test.ts (2 tests) 1999ms
   ✓ NodePtyBackend (real PTY) > spawns a real process and round-trips write/readScreen/isAlive/kill 1991ms
 ✓ packages/core/src/run-manager.create-options.integration.test.ts (2 tests) 427ms
 ✓ packages/windows-adapter/src/windows.conformance.integration.test.ts (2 tests) 5456ms
   ✓ windows adapter conformance (M6 C3) > passes the common conformance contract 4074ms
   ✓ windows adapter conformance (M6 C3) > counter overflow defect surfaces through the UIA boundary 1380ms
 ✓ packages/explore/src/web-replay.target-url.integration.test.ts (2 tests) 39731ms
   ✓ WebReplayDriver external targetUrl > reproduces the external app's crash when targetUrl is set 14521ms
   ✓ WebReplayDriver external targetUrl > does NOT reproduce against the seeded app without targetUrl (no false positive) 25207ms
 ✓ packages/adapter-web/src/web.conformance.integration.test.ts (7 tests) 70545ms
   ✓ web adapter conformance (M1) > 1: passes initialize/version/capability negotiation 4292ms
   ✓ web adapter conformance (M1) > 2/3: lifecycle create + observe returns url/title/semantic tree 6459ms
   ✓ web adapter conformance (M1) > 4: semantic traversal reaches the dashboard with correlated artifacts 8079ms
   ✓ web adapter conformance (M1) > 5: forbidden origin navigation is rejected 10042ms
   ✓ web adapter conformance (M1) > 6: page/application crash is a target-failure, not an adapter crash 11169ms
   ✓ web adapter conformance (M1) > 3: reset returns to identical seeded state 18926ms
   ✓ web adapter conformance (M1) > 6: injected adapter (browser) crash is classified separately 11575ms
 ✓ packages/adapter-web/src/web.hardening.integration.test.ts (16 tests) 100173ms
   ✓ web hardening: create/cleanup cluster (D2) > a second create replaces the prior instance without leaking it 6266ms
   ✓ web hardening: create/cleanup cluster (D2) > traces are stored under the run's artifact dir and leave nothing in the os tmpdir 9110ms
   ✓ web hardening: create/cleanup cluster (D2) > reset reports storage-clear failure honestly instead of ok:true 23395ms
   ✓ web hardening: late-throw classification (D3) > classifies an uncaught throw arriving within the configured settle window 5928ms
   ✓ web hardening: late-throw classification (D3) > documents the residual race: throws well beyond the default settle window are missed 6335ms
   ✓ web hardening: late-throw classification (D3) > an action-time Playwright timeout with a concurrent pageerror classifies TARGET_FAILURE 19530ms
   ✓ web hardening: secret redaction (D7) > masks password-field values and sensitive storage keys in observations 1933ms
   ✓ web hardening: secret redaction (D7) > redacts credentials and sensitive query params in console and network captures 1035ms
   ✓ web hardening: attribution threading (D8) > threads real run/environment ids from lifecycle options into observations 1166ms
   ✓ web torture (seeded-server only) > empty page observes cleanly and missing-element clicks are automation misses 10901ms
   ✓ web torture (seeded-server only) > a huge accessibility tree (1200 controls) observes without choking 1625ms
   ✓ web torture (seeded-server only) > console storms are captured and drained per observation 2393ms
   ✓ web torture (seeded-server only) > stale/detached DOM during act resolves without crashing the adapter 3769ms
   ✓ web torture (seeded-server only) > navigation triggered during an action resolves within the deadline 4237ms
   ✓ web torture (seeded-server only) > network 5xx/delayed/aborted responses are observed and never crash the adapter 1667ms
   ✓ web torture (seeded-server only) > redirect loops fail the navigate action instead of hanging 879ms
 ✓ packages/electron-adapter/src/electron.conformance.integration.test.ts (2 tests) 28168ms
   ✓ electron adapter conformance (M6 C2) > reports electron identity while reusing browser semantics 3715ms
   ✓ electron adapter conformance (M6 C2) > passes the common conformance contract 24451ms
 ✓ packages/cli/src/cli.integration.test.ts (11 tests) 106649ms
   ✓ cli > doctor passes on a clean checkout 5408ms
   ✓ cli > doctor reports structured probes with remediation hints 7091ms
   ✓ cli > rejects unknown flags with a named error on stderr 5788ms
   ✓ cli > prints the version from the root package.json 9106ms
   ✓ cli > prints general and per-command help 8423ms
   ✓ cli > runs a non-interactive fake demonstration and records the run 17346ms
   ✓ cli > says 'no runs recorded' instead of printing nothing 5284ms
   ✓ cli > creates a durable workspace directory 6267ms
   ✓ cli > lists and shows seeded findings 15769ms
   ✓ cli > hunts autonomously against the fake adapter end-to-end 16855ms
   ✓ cli > resumes a recorded fake run and re-observes it 9309ms
 ✓ packages/android/src/android.real-backend.integration.test.ts (2 tests) 106065ms
   ✓ android real ADB backend > acquires a live device (pre-existing or freshly booted AVD) 80146ms
   ✓ android real ADB backend > exercises com.android.settings end to end 23803ms
stdout | packages/scale/src/fleet.integration.test.ts > FLEET: concurrent multi-target unattended campaign > runs web/electron/cli/android/windows lanes concurrently under restarts, kills, fencing, fallback and budget chaos with zero duplicate effects
[fleet] web item web-2 done: stopped=action-budget actions=45 findings=1

stdout | packages/scale/src/fleet.integration.test.ts > FLEET: concurrent multi-target unattended campaign > runs web/electron/cli/android/windows lanes concurrently under restarts, kills, fencing, fallback and budget chaos with zero duplicate effects
[fleet] life 4 ended (drained); queue=0
[fleet] audit(final): fleet/leases/ledger/telemetry parse clean
[fleet] state: executions=12 failures=3 terminal=["win-tail-a","win-tail-b"] stale=1 restarts=3 findings=5 rotations=13
[fleet] findings: android/CONFIRMED/PAGE_ERROR, android/CONFIRMED/PAGE_ERROR, web/CONFIRMED/PAGE_ERROR, web/CONFIRMED/PAGE_ERROR, web/CONFIRMED/PAGE_ERROR
[fleet] web hygiene target: non-boom finding find_87c6b674230b4be7b74968e2d3c43715 token="HiddenValidationCrash"

stdout | packages/scale/src/fleet.integration.test.ts > FLEET: concurrent multi-target unattended campaign > runs web/electron/cli/android/windows lanes concurrently under restarts, kills, fencing, fallback and budget chaos with zero duplicate effects
[fleet] resources: rss 137.0MB -> 166.3MB (growth 29.3MB), handles 5 -> 5, tempRoots 1 -> 1, wallMs=113117
[fleet] tracked subprocesses: 105180(web:web-1:a1), 48248(web:web-2:a1), 95852(web:web-3:a1), 14820(electron:elec-1), 106772(web:web-2:a2)
[fleet] SUMMARY effects=35 duplicates=0 stale=1 restarts=3 killPid=48248 escalations=1 fallbacks=2 actions=53/56 wallMs=113117

 ✓ packages/scale/src/fleet.integration.test.ts (1 test) 114045ms
   ✓ FLEET: concurrent multi-target unattended campaign > runs web/electron/cli/android/windows lanes concurrently under restarts, kills, fencing, fallback and budget chaos with zero duplicate effects 114020ms
 ✓ packages/repair/src/repair.e2e.integration.test.ts (3 tests) 115710ms
   ✓ M4 autonomous repair > repairs a confirmed seeded defect end-to-end in an isolated worktree 36049ms
   ✓ M4 autonomous repair > rejects and rolls back a bad patch, preserving the audit trail 79484ms
 ✓ packages/repair/src/dogfood.integration.test.ts (6 tests) 268061ms
   ✓ HARDENING_1 final dogfood: Inspector repairs its own seeded defect end-to-end > STEP 1 explores the seeded web app autonomously and processes discovered anomalies 148162ms
   ✓ HARDENING_1 final dogfood: Inspector repairs its own seeded defect end-to-end > STEP 3a rejects a masking patch that deletes the crashing control, and falls back to CONFIRMED 28660ms
   ✓ HARDENING_1 final dogfood: Inspector repairs its own seeded defect end-to-end > STEP 3b accepts a valid patch with regression-first proof and durable audit 18897ms
   ✓ HARDENING_1 final dogfood: Inspector repairs its own seeded defect end-to-end > STEP 4 applies the accepted patch to a fixture checkout and replays the original defect clean 12045ms
   ✓ HARDENING_1 final dogfood: Inspector repairs its own seeded defect end-to-end > STEP 5 runs two more independent pipelines concurrently on different seeded defects without cross-contamination 60294ms
 ✓ packages/explore/src/web.explore.integration.test.ts (2 tests) 259542ms
   ✓ M3 autonomous web exploration > discovers multiple hidden seeded defects with reproducible evidence 186170ms
   ✓ M3 autonomous web exploration > is deterministic for a given seed 73362ms

 Test Files  25 passed (25)
      Tests  120 passed (120)
   Start at  22:14:26
   Duration  306.45s (transform 4.18s, setup 0ms, collect 23.70s, tests 1452.52s, environment 9ms, prepare 9.30s)

=== EXIT=0 ===
