
> inspector@0.1.0 test:integration C:\Users\Michael Roy\Documents\Inspector
> vitest run --passWithNoTests --config vitest.integration.config.ts

[33mThe CJS build of Vite's Node API is deprecated. See https://vite.dev/guide/troubleshooting.html#vite-cjs-node-api-deprecated for more details.[39m

[1m[7m[36m RUN [39m[27m[22m [36mv2.1.9 [39m[90mC:/Users/Michael Roy/Documents/Inspector[39m

 [32m✓[39m packages/store-sqlite/src/store.integration.test.ts [2m([22m[2m14 tests[22m[2m)[22m[33m 549[2mms[22m[39m
[90mstdout[2m | packages/store-sqlite/src/soak.integration.test.ts[2m > [22m[2mSOAK-J: sqlite durable-store long-run churn[2m > [22m[2mSOAK-J7: thousands of commits survive repeated reopen cycles with exact row accounting
[22m[39m[soak-j] J7 db: cycles=40 reopenCycles=40 steps=3200 dbBytes=2924544 (2856KiB, 914 bytes/step), wallMs=12472
[soak-j] J7 resources: rss 74.3MB -> 87.2MB (growth 13.0MB), active resources 3 -> 4

 [32m✓[39m packages/store-sqlite/src/soak.integration.test.ts [2m([22m[2m1 test[22m[2m)[22m[33m 12637[2mms[22m[39m
   [33m[2m✓[22m[39m SOAK-J: sqlite durable-store long-run churn[2m > [22mSOAK-J7: thousands of commits survive repeated reopen cycles with exact row accounting [33m12531[2mms[22m[39m
[90mstdout[2m | packages/scale/src/fleet.integration.test.ts[2m > [22m[2mFLEET: concurrent multi-target unattended campaign[2m > [22m[2mruns web/electron/cli/android/windows lanes concurrently under restarts, kills, fencing, fallback and budget chaos with zero duplicate effects
[22m[39m[fleet] life 1 ended (stopped); queue=3
[fleet] audit(after-life-1): fleet/leases/ledger/telemetry parse clean
[fleet] life 2 ended (stopped); queue=3
[fleet] audit(after-life-2): fleet/leases/ledger/telemetry parse clean
[fleet] life 3 ended (stopped); queue=3
[fleet] audit(after-life-3): fleet/leases/ledger/telemetry parse clean

 [32m✓[39m packages/repair/src/repair.hardening.integration.test.ts [2m([22m[2m12 tests[22m[2m)[22m[33m 22704[2mms[22m[39m
   [33m[2m✓[22m[39m repair hardening[2m > [22mD1: hostile patch agent cannot escape the worktree through the engine [33m2117[2mms[22m[39m
   [33m[2m✓[22m[39m repair hardening[2m > [22mD3: mid-pipeline throw restores CONFIRMED and persists an audit record [33m2530[2mms[22m[39m
   [33m[2m✓[22m[39m repair hardening[2m > [22mD3: replay crash after patch is contained per attempt, not stranded in PATCHING [33m1528[2mms[22m[39m
   [33m[2m✓[22m[39m repair hardening[2m > [22mD3: pipeline-level failure persists an ERROR record and keeps the finding recoverable [33m2760[2mms[22m[39m
   [33m[2m✓[22m[39m repair hardening[2m > [22mD4: accepted patch and regression evidence survive dispose; worktree identity recorded [33m2270[2mms[22m[39m
   [33m[2m✓[22m[39m repair hardening[2m > [22mD6a: rejects patches that tamper with test files unless allow-listed [33m1936[2mms[22m[39m
   [33m[2m✓[22m[39m repair hardening[2m > [22mD6a: allow-listed test paths are still patchable [33m1422[2mms[22m[39m
   [33m[2m✓[22m[39m repair hardening[2m > [22mD6b: probe failing on the unpatched revision yields PROBE_INVALID, not blamed patches [33m1135[2mms[22m[39m
   [33m[2m✓[22m[39m repair hardening[2m > [22mD6c: agent returning no patch within budget yields NO_PATCH [33m2028[2mms[22m[39m
   [33m[2m✓[22m[39m repair hardening[2m > [22mD6c: empty-file patch counts as NO_PATCH too [33m1488[2mms[22m[39m
   [33m[2m✓[22m[39m repair hardening[2m > [22mD6d: regression scenario derives its expected oracle from the repair hints [33m1952[2mms[22m[39m
   [33m[2m✓[22m[39m repair hardening[2m > [22mD4: applyAcceptedPatch materializes the accepted patch into a target checkout on explicit request [33m1535[2mms[22m[39m
 [32m✓[39m packages/android/src/android.conformance.integration.test.ts [2m([22m[2m10 tests[22m[2m)[22m[33m 25350[2mms[22m[39m
   [33m[2m✓[22m[39m android adapter conformance (M5)[2m > [22m1: passes initialize/version/capability negotiation [33m2346[2mms[22m[39m
   [33m[2m✓[22m[39m android adapter conformance (M5)[2m > [22m2/3: lifecycle create + observe returns semantic UI tree [33m3500[2mms[22m[39m
   [33m[2m✓[22m[39m android adapter conformance (M5)[2m > [22m4: semantic traversal reaches the dashboard [33m6522[2mms[22m[39m
   [33m[2m✓[22m[39m android adapter conformance (M5)[2m > [22m5: application crash is a target-failure, not an adapter crash [33m2501[2mms[22m[39m
   [33m[2m✓[22m[39m android adapter conformance (M5)[2m > [22m6: automation miss is ACTION_FAILED, not a defect [33m2704[2mms[22m[39m
   [33m[2m✓[22m[39m android adapter conformance (M5)[2m > [22m7: reset returns to identical seeded state [33m3095[2mms[22m[39m
   [33m[2m✓[22m[39m android adapter conformance (M5)[2m > [22m8: create/reset with launchPackage (no seedApk) round-trips over the protocol [33m2981[2mms[22m[39m
   [33m[2m✓[22m[39m android adapter conformance (M5)[2m > [22m9: create with seedApk keeps the seeded install path working [33m1683[2mms[22m[39m
 [32m✓[39m packages/core/src/run-manager.integration.test.ts [2m([22m[2m5 tests[22m[2m)[22m[33m 12662[2mms[22m[39m
   [33m[2m✓[22m[39m core run manager (acceptance 1-5,7,8)[2m > [22m1: happy-path run persists exact ordered events [33m1695[2mms[22m[39m
   [33m[2m✓[22m[39m core run manager (acceptance 1-5,7,8)[2m > [22m5: budget exhaustion is deterministic [33m3450[2mms[22m[39m
   [33m[2m✓[22m[39m core run manager (acceptance 1-5,7,8)[2m > [22m3+7: unknown-outcome action is not blindly duplicated on restart; crash classified separately [33m5857[2mms[22m[39m
   [33m[2m✓[22m[39m core run manager (acceptance 1-5,7,8)[2m > [22m8: artifact hash/metadata round-trips [33m1637[2mms[22m[39m
 [32m✓[39m packages/windows-adapter/src/windows.real-uia.integration.test.ts [2m([22m[2m2 tests[22m[2m)[22m[33m 26068[2mms[22m[39m
   [33m[2m✓[22m[39m windows real UIA backend (integration)[2m > [22mlaunches Paint, attaches, reads the semantic tree, exercises invoke/value, closes cleanly [33m14408[2mms[22m[39m
   [33m[2m✓[22m[39m windows real UIA backend (integration)[2m > [22mwaitForWindow resolves on cold start and times out typed; tree throws DEAD_WINDOW after kill [33m11658[2mms[22m[39m
 [32m✓[39m packages/scale/src/campaign.integration.test.ts [2m([22m[2m4 tests[22m[2m)[22m[33m 1253[2mms[22m[39m
   [33m[2m✓[22m[39m M8-proving multi-worker campaign (S0/S5/S8)[2m > [22mruns a bounded campaign across two isolated workers with clean shutdown [33m388[2mms[22m[39m
   [33m[2m✓[22m[39m M8-proving multi-worker campaign (S0/S5/S8)[2m > [22msurvives controller restart without duplicating completed work [33m463[2mms[22m[39m
   [33m[2m✓[22m[39m M8-proving multi-worker campaign (S0/S5/S8)[2m > [22mrestarts mid-queue between items without duplication or loss [33m377[2mms[22m[39m
 [32m✓[39m packages/adapter-fake/src/conformance.integration.test.ts [2m([22m[2m8 tests[22m[2m)[22m[33m 23118[2mms[22m[39m
   [33m[2m✓[22m[39m fake adapter conformance[2m > [22mnegotiates capabilities at protocol version 0.1 [33m2621[2mms[22m[39m
   [33m[2m✓[22m[39m fake adapter conformance[2m > [22mtransitions state through semantic actions and observes [33m2244[2mms[22m[39m
   [33m[2m✓[22m[39m fake adapter conformance[2m > [22msignals the deterministic failure oracle as target-failure [33m3762[2mms[22m[39m
   [33m[2m✓[22m[39m fake adapter conformance[2m > [22mresets the environment to the initial state [33m3763[2mms[22m[39m
   [33m[2m✓[22m[39m fake adapter conformance[2m > [22mcreates an artifact stub with a valid sha256 [33m4148[2mms[22m[39m
   [33m[2m✓[22m[39m fake adapter conformance[2m > [22mclassifies an injected adapter crash separately from target failure [33m2280[2mms[22m[39m
   [33m[2m✓[22m[39m fake adapter conformance[2m > [22mclassifies an injected timeout as deadline-exceeded [33m1752[2mms[22m[39m
   [33m[2m✓[22m[39m fake adapter conformance[2m > [22mresponds to health/heartbeat [33m2544[2mms[22m[39m
 [32m✓[39m packages/cli-adapter/src/cli.conformance.integration.test.ts [2m([22m[2m2 tests[22m[2m)[22m[33m 12512[2mms[22m[39m
   [33m[2m✓[22m[39m cli adapter conformance (M6 C1)[2m > [22mpasses the common conformance contract [33m9133[2mms[22m[39m
   [33m[2m✓[22m[39m cli adapter conformance (M6 C1)[2m > [22mcounter overflow defect aborts the process at the boundary [33m3376[2mms[22m[39m
[90mstdout[2m | packages/scale/src/soak.integration.test.ts[2m > [22m[2mSOAK-J: unattended-campaign long-run churn[2m > [22m[2mSOAK-J1: 160 items / 4 workers survive 20+ restart injections with exactly-once work
[22m[39m[soak-j] J1 campaign churn: rss 84.4MB -> 106.9MB (growth 22.6MB), active resources 5 -> 6
[soak-j] J1 mid-run sample at cycle 21: rss 90.2MB, resources 6
[soak-j] J1 shape: 160 items x 2 steps, workerCount=4, cycles=38, restarts=37, realBodyRuns=186, staleInjections=26, workerFailures=19, charges=372, wallMs=29497

[90mstderr[2m | packages/scale/src/soak.integration.test.ts[2m > [22m[2mSOAK-J: unattended-campaign long-run churn[2m > [22m[2mSOAK-J1: 160 items / 4 workers survive 20+ restart injections with exactly-once work
[22m[39m[scale] item item-106 failed: injected worker crash for item-106
[scale] stale completion ignored: item=item-111 worker=worker-0
[scale] stale completion ignored: item=item-136 worker=worker-0
[scale] item item-146 failed: injected worker crash for item-146
[scale] stale completion ignored: item=item-146 worker=worker-1
[scale] item item-41 failed: injected worker crash for item-41
[scale] stale completion ignored: item=item-46 worker=worker-3
[scale] stale completion ignored: item=item-66 worker=worker-0
[scale] item item-76 failed: injected worker crash for item-76
[scale] stale completion ignored: item=item-76 worker=worker-0
[scale] item item-12 failed: injected worker crash for item-12
[scale] stale completion ignored: item=item-147 worker=worker-3
[scale] item item-17 failed: injected worker crash for item-17
[scale] stale completion ignored: item=item-27 worker=worker-1
[scale] stale completion ignored: item=item-52 worker=worker-1
[scale] item item-57 failed: injected worker crash for item-57
[scale] stale completion ignored: item=item-72 worker=worker-2
[scale] item item-92 failed: injected worker crash for item-92
[scale] stale completion ignored: item=item-103 worker=worker-0
[scale] stale completion ignored: item=item-128 worker=worker-0
[scale] item item-133 failed: injected worker crash for item-133
[scale] stale completion ignored: item=item-133 worker=worker-1
[scale] item item-28 failed: injected worker crash for item-28
[scale] stale completion ignored: item=item-3 worker=worker-3
[scale] stale completion ignored: item=item-53 worker=worker-0
[scale] item item-63 failed: injected worker crash for item-63
[scale] stale completion ignored: item=item-63 worker=worker-0
[scale] item item-104 failed: injected worker crash for item-104
[scale] stale completion ignored: item=item-134 worker=worker-3
[scale] item item-144 failed: injected worker crash for item-144
[scale] stale completion ignored: item=item-159 worker=worker-1
[scale] stale completion ignored: item=item-39 worker=worker-1
[scale] item item-4 failed: injected worker crash for item-4
[scale] stale completion ignored: item=item-59 worker=worker-2
[scale] item item-79 failed: injected worker crash for item-79
[scale] stale completion ignored: item=item-89 worker=worker-0
[scale] stale completion ignored: item=item-100 worker=worker-0
[scale] item item-110 failed: injected worker crash for item-110
[scale] stale completion ignored: item=item-110 worker=worker-1
[scale] item item-15 failed: injected worker crash for item-15
[scale] stale completion ignored: item=item-150 worker=worker-3
[scale] stale completion ignored: item=item-30 worker=worker-0
[scale] item item-40 failed: injected worker crash for item-40
[scale] stale completion ignored: item=item-40 worker=worker-0
[scale] item item-80 failed: injected worker crash for item-80

[90mstdout[2m | packages/scale/src/soak.integration.test.ts[2m > [22m[2mSOAK-J: unattended-campaign long-run churn[2m > [22m[2mSOAK-J2: budget exhaustion fails a durable tail and never overspends
[22m[39m[soak-j] J2 budget: completed=35 failedDurable=5 actions=140/140

[90mstdout[2m | packages/scale/src/soak.integration.test.ts[2m > [22m[2mSOAK-J: unattended-campaign long-run churn[2m > [22m[2mSOAK-J3: lease fencing storm — duplicate claims, expiry reclaims, stale writes rejected [json]
[22m[39m[soak-j] J3 fencing [json]: rounds=250, duplicateClaimsRejected=500, reclaims=250, staleCompletionsRejected=250, safeReleases=250

[90mstdout[2m | packages/scale/src/soak.integration.test.ts[2m > [22m[2mSOAK-J: unattended-campaign long-run churn[2m > [22m[2mSOAK-J3: lease fencing storm — duplicate claims, expiry reclaims, stale writes rejected [sqlite]
[22m[39m[soak-j] J3 fencing [sqlite]: rounds=250, duplicateClaimsRejected=500, reclaims=250, staleCompletionsRejected=250, safeReleases=250

[90mstdout[2m | packages/scale/src/soak.integration.test.ts[2m > [22m[2mSOAK-J: unattended-campaign long-run churn[2m > [22m[2mSOAK-J4: model-router fallback storm routes correctly under continuous provider failure
[22m[39m[soak-j] J4 router storm: fallbackIterations=3000, outageIterations=200, flapIterations=1000, hits={"prov-a":1167,"prov-b":1333,"prov-c":1500}

[90mstdout[2m | packages/scale/src/soak.integration.test.ts[2m > [22m[2mSOAK-J: unattended-campaign long-run churn[2m > [22m[2mSOAK-J5: repeated truncation quarantines corrupt state without silent resets
[22m[39m[soak-j] J5 quarantine: truncationCycles=24, quarantineFiles=24

 [32m✓[39m packages/scale/src/soak.integration.test.ts [2m([22m[2m6 tests[22m[2m)[22m[33m 72043[2mms[22m[39m
   [33m[2m✓[22m[39m SOAK-J: unattended-campaign long-run churn[2m > [22mSOAK-J1: 160 items / 4 workers survive 20+ restart injections with exactly-once work [33m29521[2mms[22m[39m
   [33m[2m✓[22m[39m SOAK-J: unattended-campaign long-run churn[2m > [22mSOAK-J2: budget exhaustion fails a durable tail and never overspends [33m5021[2mms[22m[39m
   [33m[2m✓[22m[39m SOAK-J: unattended-campaign long-run churn[2m > [22mSOAK-J3: lease fencing storm — duplicate claims, expiry reclaims, stale writes rejected [json] [33m32013[2mms[22m[39m
   [33m[2m✓[22m[39m SOAK-J: unattended-campaign long-run churn[2m > [22mSOAK-J3: lease fencing storm — duplicate claims, expiry reclaims, stale writes rejected [sqlite] [33m4164[2mms[22m[39m
   [33m[2m✓[22m[39m SOAK-J: unattended-campaign long-run churn[2m > [22mSOAK-J4: model-router fallback storm routes correctly under continuous provider failure [33m990[2mms[22m[39m
 [32m✓[39m packages/explore/src/web.generic-dom.integration.test.ts [2m([22m[2m2 tests[22m[2m)[22m[33m 56929[2mms[22m[39m
   [33m[2m✓[22m[39m exploration over generic external DOM[2m > [22minteracts (fill/click/press) on a React-like id-less form app and visits >=5 states [33m29051[2mms[22m[39m
   [33m[2m✓[22m[39m exploration over generic external DOM[2m > [22mstill interacts on Backbone-style id-bearing markup [33m27875[2mms[22m[39m
[90mstdout[2m | packages/scale/src/fleet.integration.test.ts[2m > [22m[2mFLEET: concurrent multi-target unattended campaign[2m > [22m[2mruns web/electron/cli/android/windows lanes concurrently under restarts, kills, fencing, fallback and budget chaos with zero duplicate effects
[22m[39m[fleet] web item web-1 done: stopped=action-budget actions=45 findings=1

[90mstdout[2m | packages/scale/src/fleet.integration.test.ts[2m > [22m[2mFLEET: concurrent multi-target unattended campaign[2m > [22m[2mruns web/electron/cli/android/windows lanes concurrently under restarts, kills, fencing, fallback and budget chaos with zero duplicate effects
[22m[39m[fleet] web item web-3 done: stopped=action-budget actions=45 findings=1

 [32m✓[39m packages/cli-adapter/src/pty-exit-wedge.integration.test.ts [2m([22m[2m2 tests[22m[2m)[22m[33m 23828[2mms[22m[39m
   [33m[2m✓[22m[39m NodePtyBackend host-exit wedge regression[2m > [22msurvives N=5 external-kill + close cycles in-process [33m13057[2mms[22m[39m
   [33m[2m✓[22m[39m NodePtyBackend host-exit wedge regression[2m > [22mlets a host process that spawned/killed/closed sessions exit cleanly [33m10769[2mms[22m[39m
 [32m✓[39m packages/explore/src/web-replay.target-url.integration.test.ts [2m([22m[2m2 tests[22m[2m)[22m[33m 32646[2mms[22m[39m
   [33m[2m✓[22m[39m WebReplayDriver external targetUrl[2m > [22mreproduces the external app's crash when targetUrl is set [33m18343[2mms[22m[39m
   [33m[2m✓[22m[39m WebReplayDriver external targetUrl[2m > [22mdoes NOT reproduce against the seeded app without targetUrl (no false positive) [33m14297[2mms[22m[39m
[90mstdout[2m | packages/artifact-store/src/soak.integration.test.ts[2m > [22m[2mSOAK-J: artifact-store long-run churn[2m > [22m[2mSOAK-J6: thousands of write/read/meta cycles dedup exactly and leave zero tmp litter
[22m[39m[soak-j] J6 artifacts: writeOps=5000 readOps=2500 tamperCycles=25 -> physicalFiles=1707 (dedup 2.93x), uniquePairs=40, bytes=3799296, wallMs=80437
[soak-j] J6 resources: rss 74.6MB -> 84.8MB (growth 10.2MB), active resources 3 -> 3

 [32m✓[39m packages/artifact-store/src/soak.integration.test.ts [2m([22m[2m1 test[22m[2m)[22m[33m 81661[2mms[22m[39m
   [33m[2m✓[22m[39m SOAK-J: artifact-store long-run churn[2m > [22mSOAK-J6: thousands of write/read/meta cycles dedup exactly and leave zero tmp litter [33m80454[2mms[22m[39m
 [32m✓[39m packages/cli-adapter/src/node-pty-backend.integration.test.ts [2m([22m[2m2 tests[22m[2m)[22m[33m 1986[2mms[22m[39m
   [33m[2m✓[22m[39m NodePtyBackend (real PTY)[2m > [22mspawns a real process and round-trips write/readScreen/isAlive/kill [33m1974[2mms[22m[39m
 [32m✓[39m packages/adapter-web/src/web.conformance.integration.test.ts [2m([22m[2m7 tests[22m[2m)[22m[33m 80763[2mms[22m[39m
   [33m[2m✓[22m[39m web adapter conformance (M1)[2m > [22m1: passes initialize/version/capability negotiation [33m3355[2mms[22m[39m
   [33m[2m✓[22m[39m web adapter conformance (M1)[2m > [22m2/3: lifecycle create + observe returns url/title/semantic tree [33m12053[2mms[22m[39m
   [33m[2m✓[22m[39m web adapter conformance (M1)[2m > [22m4: semantic traversal reaches the dashboard with correlated artifacts [33m6528[2mms[22m[39m
   [33m[2m✓[22m[39m web adapter conformance (M1)[2m > [22m5: forbidden origin navigation is rejected [33m10280[2mms[22m[39m
   [33m[2m✓[22m[39m web adapter conformance (M1)[2m > [22m6: page/application crash is a target-failure, not an adapter crash [33m12068[2mms[22m[39m
   [33m[2m✓[22m[39m web adapter conformance (M1)[2m > [22m3: reset returns to identical seeded state [33m21168[2mms[22m[39m
   [33m[2m✓[22m[39m web adapter conformance (M1)[2m > [22m6: injected adapter (browser) crash is classified separately [33m15308[2mms[22m[39m
 [32m✓[39m packages/core/src/run-manager.create-options.integration.test.ts [2m([22m[2m2 tests[22m[2m)[22m[33m 512[2mms[22m[39m
   [33m[2m✓[22m[39m startRun createOptions forwarding[2m > [22mforwards createOptions as lifecycle-create options [33m326[2mms[22m[39m
 [32m✓[39m packages/windows-adapter/src/windows.conformance.integration.test.ts [2m([22m[2m2 tests[22m[2m)[22m[33m 7752[2mms[22m[39m
   [33m[2m✓[22m[39m windows adapter conformance (M6 C3)[2m > [22mpasses the common conformance contract [33m5693[2mms[22m[39m
   [33m[2m✓[22m[39m windows adapter conformance (M6 C3)[2m > [22mcounter overflow defect surfaces through the UIA boundary [33m2058[2mms[22m[39m
 [32m✓[39m packages/adapter-web/src/web.window-classification.integration.test.ts [2m([22m[2m2 tests[22m[2m)[22m[33m 14571[2mms[22m[39m
   [33m[2m✓[22m[39m web hardening: pageerror action-window attribution[2m > [22mK1: pageerror arriving DURING a failing action classifies TARGET_FAILURE [33m7862[2mms[22m[39m
   [33m[2m✓[22m[39m web hardening: pageerror action-window attribution[2m > [22mK2: a pageerror from BEFORE the action window stays ACTION_FAILED [33m6707[2mms[22m[39m
 [32m✓[39m packages/android/src/android.real-backend.integration.test.ts [2m([22m[2m2 tests[22m[2m)[22m[33m 116416[2mms[22m[39m
   [33m[2m✓[22m[39m android real ADB backend[2m > [22macquires a live device (pre-existing or freshly booted AVD) [33m80505[2mms[22m[39m
   [33m[2m✓[22m[39m android real ADB backend[2m > [22mexercises com.android.settings end to end [33m33520[2mms[22m[39m
 [32m✓[39m packages/adapter-web/src/web.hardening.integration.test.ts [2m([22m[2m16 tests[22m[2m)[22m[33m 119387[2mms[22m[39m
   [33m[2m✓[22m[39m web hardening: create/cleanup cluster (D2)[2m > [22ma second create replaces the prior instance without leaking it [33m11010[2mms[22m[39m
   [33m[2m✓[22m[39m web hardening: create/cleanup cluster (D2)[2m > [22mtraces are stored under the run's artifact dir and leave nothing in the os tmpdir [33m15954[2mms[22m[39m
   [33m[2m✓[22m[39m web hardening: create/cleanup cluster (D2)[2m > [22mreset reports storage-clear failure honestly instead of ok:true [33m10867[2mms[22m[39m
   [33m[2m✓[22m[39m web hardening: late-throw classification (D3)[2m > [22mclassifies an uncaught throw arriving within the configured settle window [33m4515[2mms[22m[39m
   [33m[2m✓[22m[39m web hardening: late-throw classification (D3)[2m > [22mdocuments the residual race: throws well beyond the default settle window are missed [33m10905[2mms[22m[39m
   [33m[2m✓[22m[39m web hardening: late-throw classification (D3)[2m > [22man action-time Playwright timeout with a concurrent pageerror classifies TARGET_FAILURE [33m10044[2mms[22m[39m
   [33m[2m✓[22m[39m web hardening: secret redaction (D7)[2m > [22mmasks password-field values and sensitive storage keys in observations [33m3744[2mms[22m[39m
   [33m[2m✓[22m[39m web hardening: secret redaction (D7)[2m > [22mredacts credentials and sensitive query params in console and network captures [33m13990[2mms[22m[39m
   [33m[2m✓[22m[39m web hardening: attribution threading (D8)[2m > [22mthreads real run/environment ids from lifecycle options into observations [33m5534[2mms[22m[39m
   [33m[2m✓[22m[39m web torture (seeded-server only)[2m > [22mempty page observes cleanly and missing-element clicks are automation misses [33m26202[2mms[22m[39m
   [33m[2m✓[22m[39m web torture (seeded-server only)[2m > [22ma huge accessibility tree (1200 controls) observes without choking [33m2057[2mms[22m[39m
   [33m[2m✓[22m[39m web torture (seeded-server only)[2m > [22mconsole storms are captured and drained per observation [33m731[2mms[22m[39m
   [33m[2m✓[22m[39m web torture (seeded-server only)[2m > [22mstale/detached DOM during act resolves without crashing the adapter [33m734[2mms[22m[39m
   [33m[2m✓[22m[39m web torture (seeded-server only)[2m > [22mnavigation triggered during an action resolves within the deadline [33m1033[2mms[22m[39m
   [33m[2m✓[22m[39m web torture (seeded-server only)[2m > [22mnetwork 5xx/delayed/aborted responses are observed and never crash the adapter [33m1429[2mms[22m[39m
   [33m[2m✓[22m[39m web torture (seeded-server only)[2m > [22mredirect loops fail the navigate action instead of hanging [33m621[2mms[22m[39m
[90mstdout[2m | packages/scale/src/fleet.integration.test.ts[2m > [22m[2mFLEET: concurrent multi-target unattended campaign[2m > [22m[2mruns web/electron/cli/android/windows lanes concurrently under restarts, kills, fencing, fallback and budget chaos with zero duplicate effects
[22m[39m[fleet] web item web-2 done: stopped=action-budget actions=45 findings=1

[90mstdout[2m | packages/scale/src/fleet.integration.test.ts[2m > [22m[2mFLEET: concurrent multi-target unattended campaign[2m > [22m[2mruns web/electron/cli/android/windows lanes concurrently under restarts, kills, fencing, fallback and budget chaos with zero duplicate effects
[22m[39m[fleet] life 4 ended (drained); queue=0
[fleet] audit(final): fleet/leases/ledger/telemetry parse clean
[fleet] state: executions=12 failures=3 terminal=["win-tail-a","win-tail-b"] stale=1 restarts=3 findings=5 rotations=13
[fleet] findings: android/CONFIRMED/PAGE_ERROR, android/CONFIRMED/PAGE_ERROR, web/CONFIRMED/PAGE_ERROR, web/CONFIRMED/PAGE_ERROR, web/CONFIRMED/PAGE_ERROR
[fleet] web hygiene target: non-boom finding find_b9209e2bd21441e58609dca5b1c5ab66 token="HiddenValidationCrash"

[90mstdout[2m | packages/scale/src/fleet.integration.test.ts[2m > [22m[2mFLEET: concurrent multi-target unattended campaign[2m > [22m[2mruns web/electron/cli/android/windows lanes concurrently under restarts, kills, fencing, fallback and budget chaos with zero duplicate effects
[22m[39m[fleet] resources: rss 137.8MB -> 166.7MB (growth 28.8MB), handles 5 -> 5, tempRoots 1 -> 1, wallMs=124630
[fleet] tracked subprocesses: 97392(web:web-1:a1), 122724(web:web-2:a1), 123708(web:web-3:a1), 93944(electron:elec-1), 1788(web:web-2:a2)
[fleet] SUMMARY effects=35 duplicates=0 stale=1 restarts=3 killPid=122724 escalations=1 fallbacks=2 actions=53/56 wallMs=124630

 [32m✓[39m packages/scale/src/fleet.integration.test.ts [2m([22m[2m1 test[22m[2m)[22m[33m 125643[2mms[22m[39m
   [33m[2m✓[22m[39m FLEET: concurrent multi-target unattended campaign[2m > [22mruns web/electron/cli/android/windows lanes concurrently under restarts, kills, fencing, fallback and budget chaos with zero duplicate effects [33m125617[2mms[22m[39m
 [32m✓[39m packages/electron-adapter/src/electron.conformance.integration.test.ts [2m([22m[2m2 tests[22m[2m)[22m[33m 23484[2mms[22m[39m
   [33m[2m✓[22m[39m electron adapter conformance (M6 C2)[2m > [22mreports electron identity while reusing browser semantics [33m3827[2mms[22m[39m
   [33m[2m✓[22m[39m electron adapter conformance (M6 C2)[2m > [22mpasses the common conformance contract [33m19656[2mms[22m[39m
 [31m❯[39m packages/cli/src/cli.integration.test.ts [2m([22m[2m14 tests[22m[2m | [22m[31m1 failed[39m[2m)[22m[33m 138296[2mms[22m[39m
   [33m[2m✓[22m[39m cli[2m > [22mdoctor passes on a clean checkout [33m5680[2mms[22m[39m
   [33m[2m✓[22m[39m cli[2m > [22mdoctor reports structured probes with remediation hints [33m10362[2mms[22m[39m
   [33m[2m✓[22m[39m cli[2m > [22mrejects unknown flags with a named error on stderr [33m5781[2mms[22m[39m
   [33m[2m✓[22m[39m cli[2m > [22mprints the version from the root package.json [33m9143[2mms[22m[39m
   [33m[2m✓[22m[39m cli[2m > [22mprints general and per-command help [33m12704[2mms[22m[39m
   [33m[2m✓[22m[39m cli[2m > [22mruns a non-interactive fake demonstration and records the run [33m20884[2mms[22m[39m
   [33m[2m✓[22m[39m cli[2m > [22msays 'no runs recorded' instead of printing nothing [33m7551[2mms[22m[39m
   [33m[2m✓[22m[39m cli[2m > [22mcreates a durable workspace directory [33m9525[2mms[22m[39m
   [33m[2m✓[22m[39m cli[2m > [22mlists and shows seeded findings [33m21455[2mms[22m[39m
   [33m[2m✓[22m[39m cli[2m > [22mhunts autonomously against the fake adapter end-to-end [33m15929[2mms[22m[39m
[31m   [31m×[31m cli[2m > [22mrefuses to resume a closed run and resumes an interrupted one[33m 8799[2mms[22m[31m[39m
[31m     → expected undefined to be truthy[39m
   [33m[2m✓[22m[39m cli[2m > [22mresolves $INSPECTOR_WORKSPACE when --workspace is absent [33m1749[2mms[22m[39m
   [33m[2m✓[22m[39m cli[2m > [22mwarns on stderr when the resolved workspace is a repository root [33m3198[2mms[22m[39m
   [33m[2m✓[22m[39m cli[2m > [22mkeeps two concurrent hunts in two workspaces fully isolated [33m5532[2mms[22m[39m
 [32m✓[39m packages/repair/src/repair.e2e.integration.test.ts [2m([22m[2m3 tests[22m[2m)[22m[33m 143373[2mms[22m[39m
   [33m[2m✓[22m[39m M4 autonomous repair[2m > [22mrepairs a confirmed seeded defect end-to-end in an isolated worktree [33m62058[2mms[22m[39m
   [33m[2m✓[22m[39m M4 autonomous repair[2m > [22mrejects and rolls back a bad patch, preserving the audit trail [33m81105[2mms[22m[39m
 [32m✓[39m packages/repair/src/dogfood.integration.test.ts [2m([22m[2m6 tests[22m[2m)[22m[33m 292069[2mms[22m[39m
   [33m[2m✓[22m[39m HARDENING_1 final dogfood: Inspector repairs its own seeded defect end-to-end[2m > [22mSTEP 1 explores the seeded web app autonomously and processes discovered anomalies [33m167834[2mms[22m[39m
   [33m[2m✓[22m[39m HARDENING_1 final dogfood: Inspector repairs its own seeded defect end-to-end[2m > [22mSTEP 3a rejects a masking patch that deletes the crashing control, and falls back to CONFIRMED [33m29190[2mms[22m[39m
   [33m[2m✓[22m[39m HARDENING_1 final dogfood: Inspector repairs its own seeded defect end-to-end[2m > [22mSTEP 3b accepts a valid patch with regression-first proof and durable audit [33m19724[2mms[22m[39m
   [33m[2m✓[22m[39m HARDENING_1 final dogfood: Inspector repairs its own seeded defect end-to-end[2m > [22mSTEP 4 applies the accepted patch to a fixture checkout and replays the original defect clean [33m12070[2mms[22m[39m
   [33m[2m✓[22m[39m HARDENING_1 final dogfood: Inspector repairs its own seeded defect end-to-end[2m > [22mSTEP 5 runs two more independent pipelines concurrently on different seeded defects without cross-contamination [33m63244[2mms[22m[39m
 [32m✓[39m packages/explore/src/web.explore.integration.test.ts [2m([22m[2m2 tests[22m[2m)[22m[33m 273773[2mms[22m[39m
   [33m[2m✓[22m[39m M3 autonomous web exploration[2m > [22mdiscovers multiple hidden seeded defects with reproducible evidence [33m184691[2mms[22m[39m
   [33m[2m✓[22m[39m M3 autonomous web exploration[2m > [22mis deterministic for a given seed [33m89080[2mms[22m[39m

[31m⎯⎯⎯⎯⎯⎯⎯[1m[7m Failed Tests 1 [27m[22m⎯⎯⎯⎯⎯⎯⎯[39m

[31m[1m[7m FAIL [27m[22m[39m packages/cli/src/cli.integration.test.ts[2m > [22mcli[2m > [22mrefuses to resume a closed run and resumes an interrupted one
[31m[1mAssertionError[22m: expected undefined to be truthy[39m

[32m- Expected:[39m 
true

[31m+ Received:[39m 
undefined

[36m [2m❯[22m packages/cli/src/cli.integration.test.ts:[2m340:27[22m[39m
    [90m338| [39m      wsStore[33m.[39m[34mclose[39m()[33m;[39m
    [90m339| [39m    }
    [90m340| [39m    [34mexpect[39m(interruptedId)[33m.[39m[34mtoBeTruthy[39m()[33m;[39m
    [90m   | [39m                          [31m^[39m
    [90m341| [39m
    [90m342| [39m    [90m// Resume re-attaches, re-observes, and reports an honest final st[39m…

[31m[2m⎯⎯⎯⎯⎯⎯⎯⎯⎯⎯⎯⎯⎯⎯⎯⎯⎯⎯⎯⎯⎯⎯⎯⎯[1/1]⎯[22m[39m

[2m Test Files [22m [1m[31m1 failed[39m[22m[2m | [22m[1m[32m26 passed[39m[22m[90m (27)[39m
[2m      Tests [22m [1m[31m1 failed[39m[22m[2m | [22m[1m[32m131 passed[39m[22m[90m (132)[39m
[2m   Start at [22m 12:32:18
[2m   Duration [22m 364.76s[2m (transform 4.65s, setup 0ms, collect 28.65s, tests 1741.99s, environment 10ms, prepare 10.12s)[22m

 ELIFECYCLE  Command failed with exit code 1.
